ClippedPoseDiagnostic (ClippedPoseDiagnostic.swift.txt), 2026-10-08, iPhone 17 Pro simulator iOS 26.5, light, AX XXXL, 16mm Load screen.
Each pose: every audit type but Dynamic Type and clipped text, then clipped text alone, as the audit helper runs them; then an 80 pt held drag.
Poses 0 to 17 were skipped (dragged only). After pose 33 (the list end) the resizing checks moved the list back up, as 052 records.
findings: other:<type>:<label> for the first pass, NO-ELEMENT for a clipped-text finding without an element. Window height 874 pt.

pose 18: findings=["other:1:Your Film Stock cann"] | Your Film Stock cannot chang y=-25..130; Visible grain, minor jitter  y=145..425; Highlight glow: red on color y=425..766; Silent capture y=766..859; Silent capture y=781..844
pose 19: findings=[] | Your Film Stock cannot chang y=-90..65; Visible grain, minor jitter  y=80..360; Highlight glow: red on color y=360..701; Silent capture y=701..794; Silent capture y=716..779; Movie Orientation y=809..935
pose 20: findings=["other:1:Visible grain, minor"] | Visible grain, minor jitter  y=15..295; Highlight glow: red on color y=295..636; Silent capture y=636..729; Silent capture y=651..714; Movie Orientation y=744..870
pose 21: findings=["other:1:Visible grain, minor"] | Visible grain, minor jitter  y=-49..230; Highlight glow: red on color y=230..571; Silent capture y=571..664; Silent capture y=586..649; Movie Orientation y=679..805; Portrait y=815..886
pose 22: findings=["other:1:Visible grain, minor"] | Visible grain, minor jitter  y=-114..165; Highlight glow: red on color y=165..506; Silent capture y=506..599; Silent capture y=521..584; Movie Orientation y=614..740; Portrait y=750..821; Landscape y=823..894
pose 23: findings=[] | Visible grain, minor jitter  y=-179..100; Highlight glow: red on color y=100..441; Silent capture y=441..534; Silent capture y=456..519; Movie Orientation y=549..675; Portrait y=685..756; Landscape y=758..829
pose 24: findings=[] | Highlight glow: red on color y=35..376; Silent capture y=376..469; Silent capture y=391..454; Movie Orientation y=484..610; Portrait y=620..691; Landscape y=693..764; Film title y=831..895
pose 25: findings=["other:1:Highlight glow: red "] | Highlight glow: red on color y=-30..311; Silent capture y=311..404; Silent capture y=326..389; Movie Orientation y=419..545; Portrait y=555..626; Landscape y=628..699; Film title y=766..830; Film title y=838..964
pose 26: findings=["other:1:Highlight glow: red "] | Highlight glow: red on color y=-95..246; Silent capture y=246..339; Silent capture y=261..324; Movie Orientation y=354..480; Portrait y=490..561; Landscape y=563..634; Film title y=701..765; Film title y=773..899
pose 27: findings=["other:1:Highlight glow: red "] | Highlight glow: red on color y=-160..181; Silent capture y=181..274; Silent capture y=196..259; Movie Orientation y=289..415; Portrait y=425..496; Landscape y=498..569; Film title y=636..700; Film title y=708..834
pose 28: findings=["other:1:Highlight glow: red "] | Highlight glow: red on color y=-225..116; Silent capture y=116..209; Silent capture y=131..194; Movie Orientation y=224..350; Portrait y=360..431; Landscape y=433..504; Film title y=571..635; Film title y=643..769; Trial status unavailable y=819..974
pose 29: findings=[] | Silent capture y=51..144; Silent capture y=66..129; Movie Orientation y=159..285; Portrait y=295..366; Landscape y=368..439; Film title y=506..570; Film title y=578..704; Trial status unavailable y=754..909
pose 30: findings=[] | Movie Orientation y=60..185; Portrait y=195..267; Landscape y=269..340; Film title y=407..470; Film title y=478..604; Trial status unavailable y=654..810; Your Camera and Movie Orient y=810..1048
pose 31: findings=[] | Film title y=89..152; Film title y=160..286; Trial status unavailable y=336..492; Your Camera and Movie Orient y=492..730; Subscription y=765..859; Subscription y=780..844
pose 32: findings=[] | Film title y=24..87; Film title y=95..221; Trial status unavailable y=271..427; Your Camera and Movie Orient y=427..665; Subscription y=700..794; Subscription y=715..779; Load Film y=829..922; Load Film y=844..907
pose 33: findings=[] | Film title y=5..68; Film title y=76..202; Trial status unavailable y=252..407; Your Camera and Movie Orient y=407..646; Subscription y=681..774; Subscription y=696..759; Load Film y=809..903; Load Film y=824..888
pose 34: findings=[] | Your Film Stock cannot chang y=-103..52; Visible grain, minor jitter  y=67..347; Highlight glow: red on color y=347..688; Silent capture y=688..781; Silent capture y=703..766; Movie Orientation y=796..922
pose 35: findings=["other:1:Your Film Stock cann", "NO-ELEMENT"] | Your Film Stock cannot chang y=-3..153; Visible grain, minor jitter  y=168..447; Highlight glow: red on color y=447..788; Silent capture y=788..882; Silent capture y=803..867
pose 36: findings=[] | Your Film Stock cannot chang y=-73..83; Visible grain, minor jitter  y=98..377; Highlight glow: red on color y=377..718; Silent capture y=718..812; Silent capture y=733..797; Movie Orientation y=827..952
pose 37: findings=["other:1:Visible grain, minor"] | Visible grain, minor jitter  y=33..312; Highlight glow: red on color y=312..653; Silent capture y=653..747; Silent capture y=668..732; Movie Orientation y=762..887
pose 38: findings=["other:1:Visible grain, minor"] | Visible grain, minor jitter  y=-32..247; Highlight glow: red on color y=247..588; Silent capture y=588..682; Silent capture y=603..667; Movie Orientation y=697..822; Portrait y=832..903
pose 39: findings=["other:1:Visible grain, minor"] | Visible grain, minor jitter  y=-97..182; Highlight glow: red on color y=182..523; Silent capture y=523..617; Silent capture y=538..602; Movie Orientation y=632..757; Portrait y=767..838; Landscape y=840..912
pose 40: findings=[] | Visible grain, minor jitter  y=-162..117; Highlight glow: red on color y=117..458; Silent capture y=458..552; Silent capture y=473..537; Movie Orientation y=567..692; Portrait y=702..773; Landscape y=775..847
pose 41: findings=["NO-ELEMENT"] | Highlight glow: red on color y=52..393; Silent capture y=393..487; Silent capture y=408..472; Movie Orientation y=502..627; Portrait y=637..708; Landscape y=710..782; Film title y=849..912
pose 42: findings=["other:1:Highlight glow: red "] | Highlight glow: red on color y=-12..328; Silent capture y=328..422; Silent capture y=343..407; Movie Orientation y=437..562; Portrait y=572..643; Landscape y=645..717; Film title y=784..847; Film title y=855..981
pose 43: findings=["other:1:Highlight glow: red "] | Highlight glow: red on color y=-77..263; Silent capture y=263..357; Silent capture y=278..342; Movie Orientation y=372..497; Portrait y=507..578; Landscape y=580..652; Film title y=719..782; Film title y=790..916
