/Users/hcho/.treehouse/Immerse-3833fe/1/Immerse/Probes/ReceiptScenarioHarness/Sources/ReceiptScenarioApp.swift:65:51: error: cannot convert value of type '[CameraPackage]' to expected argument type 'Binding<C>'
                            ForEach(CameraCatalog.all) { Text($0.shortName).tag($0.id) }
                                                  ^
/Users/hcho/.treehouse/Immerse-3833fe/1/Immerse/Probes/ReceiptScenarioHarness/Sources/ReceiptScenarioApp.swift:65:29: error: generic parameter 'C' could not be inferred
                            ForEach(CameraCatalog.all) { Text($0.shortName).tag($0.id) }
                            ^
SwiftUI.ForEach.init:2:8: note: in call to initializer
public init<C>(_ data: Binding<C>, @ViewBuilder content: @escaping (Binding<C.Element>) -> Content) where Data == LazyMapSequence<C.Indices, (C.Index, ID)>, ID == C.Element.ID, C : MutableCollection, C : RandomAccessCollection, C.Element : Identifiable, C.Index : Hashable}
       ^
/Users/hcho/.treehouse/Immerse-3833fe/1/Immerse/Probes/ReceiptScenarioHarness/Sources/ReceiptScenarioApp.swift:65:58: error: initializer 'init(_:)' requires that 'Binding<Subject>' conform to 'StringProtocol'
                            ForEach(CameraCatalog.all) { Text($0.shortName).tag($0.id) }
                                                         ^
SwiftUI.Text.init:2:8: note: where 'S' = 'Binding<Subject>'
public init<S>(_ content: S) where S : StringProtocol}
       ^
/Users/hcho/.treehouse/Immerse-3833fe/1/Immerse/Probes/ReceiptScenarioHarness/Sources/ReceiptScenarioApp.swift:65:51: error: cannot convert value of type '[CameraPackage]' to expected argument type 'Binding<C>'
                            ForEach(CameraCatalog.all) { Text($0.shortName).tag($0.id) }
                                                  ^
/Users/hcho/.treehouse/Immerse-3833fe/1/Immerse/Probes/ReceiptScenarioHarness/Sources/ReceiptScenarioApp.swift:65:29: error: generic parameter 'C' could not be inferred
                            ForEach(CameraCatalog.all) { Text($0.shortName).tag($0.id) }
                            ^
SwiftUI.ForEach.init:2:8: note: in call to initializer
public init<C>(_ data: Binding<C>, @ViewBuilder content: @escaping (Binding<C.Element>) -> Content) where Data == LazyMapSequence<C.Indices, (C.Index, ID)>, ID == C.Element.ID, C : MutableCollection, C : RandomAccessCollection, C.Element : Identifiable, C.Index : Hashable}
       ^
/Users/hcho/.treehouse/Immerse-3833fe/1/Immerse/Probes/ReceiptScenarioHarness/Sources/ReceiptScenarioApp.swift:65:58: error: initializer 'init(_:)' requires that 'Binding<Subject>' conform to 'StringProtocol'
                            ForEach(CameraCatalog.all) { Text($0.shortName).tag($0.id) }
                                                         ^
SwiftUI.Text.init:2:8: note: where 'S' = 'Binding<Subject>'
public init<S>(_ content: S) where S : StringProtocol}
       ^
Failed frontend command:
/Applications/Xcode.app/Contents/Developer/Toolchains/XcodeDefault.xctoolchain/usr/bin/swift-frontend -frontend -c -primary-file /Users/hcho/.treehouse/Immerse-3833fe/1/Immerse/Probes/ReceiptScenarioHarness/Tests/ReceiptScenarioTests.swift -emit-dependencies-path /Users/hcho/.treehouse/Immerse-3833fe/1/Immerse/DerivedData/ReceiptScenario035/Build/Intermediates.noindex/ReceiptScenarioHarness.build/Debug-iphonesimulator/ReceiptScenarioTests.build/Objects-normal/x86_64/ReceiptScenarioTests.d -emit-const-values-path /Users/hcho/.treehouse/Immerse-3833fe/1/Immerse/DerivedData/ReceiptScenario035/Build/Intermediates.noindex/ReceiptScenarioHarness.build/Debug-iphonesimulator/ReceiptScenarioTests.build/Objects-normal/x86_64/ReceiptScenarioTests.swiftconstvalues -emit-reference-dependencies-path /Users/hcho/.treehouse/Immerse-3833fe/1/Immerse/DerivedData/ReceiptScenario035/Build/Intermediates.noindex/ReceiptScenarioHarness.build/Debug-iphonesimulator/ReceiptScenarioTests.build/Objects-normal/x86_64/ReceiptScenarioTests.swiftdeps -serialize-diagnostics-path /Users/hcho/.treehouse/Immerse-3833fe/1/Immerse/DerivedData/ReceiptScenario035/Build/Intermediates.noindex/ReceiptScenarioHarness.build/Debug-iphonesimulator/ReceiptScenarioTests.build/Objects-normal/x86_64/ReceiptScenarioTests.dia -target x86_64-apple-ios26.0-simulator -load-resolved-plugin /Applications/Xcode.app/Contents/Developer/Platforms/iPhoneOS.platform/Developer/usr/lib/swift/host/plugins/libFoundationMacros.dylib\#/Applications/Xcode.app/Contents/Developer/Platforms/iPhoneOS.platform/Developer/usr/bin/swift-plugin-server\#FoundationMacros -load-resolved-plugin /Applications/Xcode.app/Contents/Developer/Platforms/iPhoneOS.platform/Developer/usr/lib/swift/host/plugins/libObservationMacros.dylib\#/Applications/Xcode.app/Contents/Developer/Platforms/iPhoneOS.platform/Developer/usr/bin/swift-plugin-server\#ObservationMacros -load-resolved-plugin /Applications/Xcode.app/Contents/Developer/Platforms/iPhoneOS.platform/Developer/usr/lib/swift/host/plugins/libPreviewsMacros.dylib\#/Applications/Xcode.app/Contents/Developer/Platforms/iPhoneOS.platform/Developer/usr/bin/swift-plugin-server\#PreviewsMacros -load-resolved-plugin /Applications/Xcode.app/Contents/Developer/Platforms/iPhoneOS.platform/Developer/usr/lib/swift/host/plugins/libSwiftMacros.dylib\#/Applications/Xcode.app/Contents/Developer/Platforms/iPhoneOS.platform/Developer/usr/bin/swift-plugin-server\#SwiftMacros -load-resolved-plugin /Applications/Xcode.app/Contents/Developer/Platforms/iPhoneOS.platform/Developer/usr/lib/swift/host/plugins/libSwiftUIMacros.dylib\#/Applications/Xcode.app/Contents/Developer/Platforms/iPhoneOS.platform/Developer/usr/bin/swift-plugin-server\#SwiftUIMacros -disable-implicit-swift-modules -Xcc -fno-implicit-modules -Xcc -fno-implicit-module-maps -explicit-swift-module-map-file /Users/hcho/.treehouse/Immerse-3833fe/1/Immerse/DerivedData/ReceiptScenario035/Build/Intermediates.noindex/ReceiptScenarioHarness.build/Debug-iphonesimulator/ReceiptScenarioTests.build/Objects-normal/x86_64/ReceiptScenarioTests-dependencies-1.json -debug-module-path /Users/hcho/.treehouse/Immerse-3833fe/1/Immerse/DerivedData/ReceiptScenario035/Build/Intermediates.noindex/ReceiptScenarioHarness.build/Debug-iphonesimulator/ReceiptScenarioTests.build/Objects-normal/x86_64/ReceiptScenarioTests.swiftmodule -enable-objc-interop -sdk /Applications/Xcode.app/Contents/Developer/Platforms/iPhoneSimulator.platform/Developer/SDKs/iPhoneSimulator26.5.sdk -I /Users/hcho/.treehouse/Immerse-3833fe/1/Immerse/DerivedData/ReceiptScenario035/Build/Products/Debug-iphonesimulator -Isystem /Applications/Xcode.app/Contents/Developer/Platforms/iPhoneSimulator.platform/Developer/usr/lib -F /Users/hcho/.treehouse/Immerse-3833fe/1/Immerse/DerivedData/ReceiptScenario035/Build/Products/Debug-iphonesimulator/PackageFrameworks -F /Users/hcho/.treehouse/Immerse-3833fe/1/Immerse/DerivedData/ReceiptScenario035/Build/Products/Debug-iphonesimulator/PackageFrameworks -F /Users/hcho/.treehouse/Immerse-3833fe/1/Immerse/DerivedData/ReceiptScenario035/Build/Products/Debug-iphonesimulator/PackageFrameworks -F /Users/hcho/.treehouse/Immerse-3833fe/1/Immerse/DerivedData/ReceiptScenario035/Build/Products/Debug-iphonesimulator/PackageFrameworks -F /Users/hcho/.treehouse/Immerse-3833fe/1/Immerse/DerivedData/ReceiptScenario035/Build/Products/Debug-iphonesimulator/PackageFrameworks -F /Users/hcho/.treehouse/Immerse-3833fe/1/Immerse/DerivedData/ReceiptScenario035/Build/Products/Debug-iphonesimulator/PackageFrameworks -F /Users/hcho/.treehouse/Immerse-3833fe/1/Immerse/DerivedData/ReceiptScenario035/Build/Products/Debug-iphonesimulator/PackageFrameworks -F /Users/hcho/.treehouse/Immerse-3833fe/1/Immerse/DerivedData/ReceiptScenario035/Build/Products/Debug-iphonesimulator/PackageFrameworks -F /Users/hcho/.treehouse/Immerse-3833fe/1/Immerse/DerivedData/ReceiptScenario035/Build/Products/Debug-iphonesimulator/PackageFrameworks -F /Users/hcho/.treehouse/Immerse-3833fe/1/Immerse/DerivedData/ReceiptScenario035/Build/Products/Debug-iphonesimulator -F /Applications/Xcode.app/Contents/Developer/Platforms/iPhoneSimulator.platform/Developer/Library/Frameworks -F /Applications/Xcode.app/Contents/Developer/Platforms/iPhoneSimulator.platform/Developer/SDKs/iPhoneSimulator26.5.sdk/Developer/Library/Frameworks -no-color-diagnostics -Xcc -fno-color-diagnostics -enable-testing -g -debug-info-format\=dwarf -dwarf-version\=5 -module-cache-path /Users/hcho/.treehouse/Immerse-3833fe/1/Immerse/DerivedData/ReceiptScenario035/Build/Intermediates.noindex/SwiftExplicitPrecompiledModules -swift-version 6 -Onone -D DEBUG -serialize-debugging-options -const-gather-protocols-file /Users/hcho/.treehouse/Immerse-3833fe/1/Immerse/DerivedData/ReceiptScenario035/Build/Intermediates.noindex/ReceiptScenarioHarness.build/Debug-iphonesimulator/ReceiptScenarioTests.build/Objects-normal/x86_64/ReceiptScenarioTests_const_extract_protocols.json -enable-experimental-feature DebugDescriptionMacro -empty-abi-descriptor -validate-clang-modules-once -clang-build-session-file /Users/hcho/.treehouse/Immerse-3833fe/1/Immerse/DerivedData/ReceiptScenario035/ModuleCache.noindex/Session.modulevalidation -Xcc -working-directory -Xcc /Users/hcho/.treehouse/Immerse-3833fe/1/Immerse/Probes/ReceiptScenarioHarness -enable-anonymous-context-mangled-names -file-compilation-dir /Users/hcho/.treehouse/Immerse-3833fe/1/Immerse/Probes/ReceiptScenarioHarness -Xcc -D_LIBCPP_HARDENING_MODE\=_LIBCPP_HARDENING_MODE_DEBUG -Xcc -ivfsstatcache -Xcc /Users/hcho/.treehouse/Immerse-3833fe/1/Immerse/DerivedData/ReceiptScenario035/SDKStatCaches.noindex/iphonesimulator26.5-23F73-6cfe768891a92b912361537c460fe42b.sdkstatcache -Xcc -I/Users/hcho/.treehouse/Immerse-3833fe/1/Immerse/DerivedData/ReceiptScenario035/Build/Intermediates.noindex/ReceiptScenarioHarness.build/Debug-iphonesimulator/ReceiptScenarioTests.build/swift-overrides.hmap -Xcc -iquote -Xcc /Users/hcho/.treehouse/Immerse-3833fe/1/Immerse/DerivedData/ReceiptScenario035/Build/Intermediates.noindex/ReceiptScenarioHarness.build/Debug-iphonesimulator/ReceiptScenarioTests.build/ReceiptScenarioTests-generated-files.hmap -Xcc -I/Users/hcho/.treehouse/Immerse-3833fe/1/Immerse/DerivedData/ReceiptScenario035/Build/Intermediates.noindex/ReceiptScenarioHarness.build/Debug-iphonesimulator/ReceiptScenarioTests.build/ReceiptScenarioTests-own-target-headers.hmap -Xcc -I/Users/hcho/.treehouse/Immerse-3833fe/1/Immerse/DerivedData/ReceiptScenario035/Build/Intermediates.noindex/ReceiptScenarioHarness.build/Debug-iphonesimulator/ReceiptScenarioTests.build/ReceiptScenarioTests-all-non-framework-target-headers.hmap -Xcc -ivfsoverlay -Xcc /Users/hcho/.treehouse/Immerse-3833fe/1/Immerse/DerivedData/ReceiptScenario035/Build/Intermediates.noindex/ReceiptScenarioHarness.build/Debug-iphonesimulator/ReceiptScenarioHarness-2e4b80653b6384a5d2fa2410a34e6a63-VFS-iphonesimulator/all-product-headers.yaml -Xcc -iquote -Xcc /Users/hcho/.treehouse/Immerse-3833fe/1/Immerse/DerivedData/ReceiptScenario035/Build/Intermediates.noindex/ReceiptScenarioHarness.build/Debug-iphonesimulator/ReceiptScenarioTests.build/ReceiptScenarioTests-project-headers.hmap -Xcc -I/Users/hcho/.treehouse/Immerse-3833fe/1/Immerse/DerivedData/ReceiptScenario035/Build/Products/Debug-iphonesimulator/include -Xcc -I/Users/hcho/.treehouse/Immerse-3833fe/1/Immerse/DerivedData/ReceiptScenario035/Build/Intermediates.noindex/ReceiptScenarioHarness.build/Debug-iphonesimulator/ReceiptScenarioTests.build/DerivedSources-normal/x86_64 -Xcc -I/Users/hcho/.treehouse/Immerse-3833fe/1/Immerse/DerivedData/ReceiptScenario035/Build/Intermediates.noindex/ReceiptScenarioHarness.build/Debug-iphonesimulator/ReceiptScenarioTests.build/DerivedSources/x86_64 -Xcc -I/Users/hcho/.treehouse/Immerse-3833fe/1/Immerse/DerivedData/ReceiptScenario035/Build/Intermediates.noindex/ReceiptScenarioHarness.build/Debug-iphonesimulator/ReceiptScenarioTests.build/DerivedSources -Xcc -DDEBUG\=1 -no-auto-bridging-header-chaining -module-name ReceiptScenarioTests -frontend-parseable-output -disable-clang-spi -clang-target x86_64-apple-ios26.5-simulator -target-sdk-version 26.5 -target-sdk-name iphonesimulator26.5 -in-process-plugin-server-path /Applications/Xcode.app/Contents/Developer/Toolchains/XcodeDefault.xctoolchain/usr/lib/swift/host/libSwiftInProcPluginServer.dylib -parse-as-library -o /Users/hcho/.treehouse/Immerse-3833fe/1/Immerse/DerivedData/ReceiptScenario035/Build/Intermediates.noindex/ReceiptScenarioHarness.build/Debug-iphonesimulator/ReceiptScenarioTests.build/Objects-normal/x86_64/ReceiptScenarioTests.o -index-unit-output-path /ReceiptScenarioHarness.build/Debug-iphonesimulator/ReceiptScenarioTests.build/Objects-normal/x86_64/ReceiptScenarioTests.o -index-store-path /Users/hcho/.treehouse/Immerse-3833fe/1/Immerse/DerivedData/ReceiptScenario035/Index.noindex/DataStore -index-system-modules
/Users/hcho/.treehouse/Immerse-3833fe/1/Immerse/Probes/ReceiptScenarioHarness/Tests/ReceiptScenarioTests.swift:14:22: error: actor-isolated property 'evidence' cannot be accessed from outside of the actor
            scenario.evidence.record("native-capability-unavailable", ["status": String(error.status)])
            ~~~~~~~~~^~~~~~~~~~~~~~~~~~~~~~~~~~~~~~~~~~~~~~~~~~~~~~~~~~~~~~~~~~~~~~~~~~~~~~~~~~~~~~~~~~
            await
/Users/hcho/.treehouse/Immerse-3833fe/1/Immerse/Probes/ReceiptScenarioHarness/Tests/ReceiptScenarioTests.swift:50:76: error: actor-isolated property 'configuration' cannot be accessed from outside of the actor
                let reopened = try ReceiptScenario(configuration: scenario.configuration)
                               ~~~~~~~~~~~~~~~~~~~~~~~~~~~~~~~~~~~~~~~~~~~~^~~~~~~~~~~~~~
                                   await
/Users/hcho/.treehouse/Immerse-3833fe/1/Immerse/Probes/ReceiptScenarioHarness/Tests/ReceiptScenarioTests.swift:73:76: error: actor-isolated property 'configuration' cannot be accessed from outside of the actor
                let reopened = try ReceiptScenario(configuration: scenario.configuration)
                               ~~~~~~~~~~~~~~~~~~~~~~~~~~~~~~~~~~~~~~~~~~~~^~~~~~~~~~~~~~
                                   await
/Users/hcho/.treehouse/Immerse-3833fe/1/Immerse/Probes/ReceiptScenarioHarness/Tests/ReceiptScenarioTests.swift:99:68: error: actor-isolated property 'configuration' cannot be accessed from outside of the actor
        let reopened = try ReceiptScenario(configuration: scenario.configuration)
                       ~~~~~~~~~~~~~~~~~~~~~~~~~~~~~~~~~~~~~~~~~~~~^~~~~~~~~~~~~~
                           await
/Users/hcho/.treehouse/Immerse-3833fe/1/Immerse/Probes/ReceiptScenarioHarness/Tests/ReceiptScenarioTests.swift:115:49: error: actor-isolated property 'evidence' cannot be accessed from outside of the actor
        while !(try String(contentsOf: scenario.evidence.directory.appendingPathComponent("events.jsonl"), encoding: .utf8)).contains("delete-requested") {
              ~~~~~~~~~~~~~~~~~~~~~~~~~~~~~~~~~~^~~~~~~~~~~~~~~~~~~~~~~~~~~~~~~~~~~~~~~~~~~~~~~~~~~~~~~~~~~~~~~~~~~~~~~~~~~~~~~~~~~~~~~~~~~~~~~~~~~~~~~~~
              await
/Users/hcho/.treehouse/Immerse-3833fe/1/Immerse/Probes/ReceiptScenarioHarness/Tests/ReceiptScenarioTests.swift:167:70: error: actor-isolated property 'configuration' can not be referenced from a nonisolated context
        let calls = try RecordedReceiptCalls(configuration: scenario.configuration, evidence: scenario.evidence)
                                                                     ^
ReceiptScenarioHarness.ReceiptScenario.configuration:2:14: note: property declared here
internal let configuration: ReceiptScenarioHarness.ScenarioConfiguration}
             ^
/Users/hcho/.treehouse/Immerse-3833fe/1/Immerse/Probes/ReceiptScenarioHarness/Tests/ReceiptScenarioTests.swift:167:104: error: actor-isolated property 'evidence' can not be referenced from a nonisolated context
        let calls = try RecordedReceiptCalls(configuration: scenario.configuration, evidence: scenario.evidence)
                                                                                                       ^
ReceiptScenarioHarness.ReceiptScenario.evidence:2:14: note: property declared here
internal let evidence: ReceiptScenarioHarness.ScenarioEvidence}
             ^
Failed frontend command:
/Applications/Xcode.app/Contents/Developer/Toolchains/XcodeDefault.xctoolchain/usr/bin/swift-frontend -frontend -c -primary-file /Users/hcho/.treehouse/Immerse-3833fe/1/Immerse/Probes/ReceiptScenarioHarness/Tests/ReceiptScenarioTests.swift -emit-dependencies-path /Users/hcho/.treehouse/Immerse-3833fe/1/Immerse/DerivedData/ReceiptScenario035/Build/Intermediates.noindex/ReceiptScenarioHarness.build/Debug-iphonesimulator/ReceiptScenarioTests.build/Objects-normal/arm64/ReceiptScenarioTests.d -emit-const-values-path /Users/hcho/.treehouse/Immerse-3833fe/1/Immerse/DerivedData/ReceiptScenario035/Build/Intermediates.noindex/ReceiptScenarioHarness.build/Debug-iphonesimulator/ReceiptScenarioTests.build/Objects-normal/arm64/ReceiptScenarioTests.swiftconstvalues -emit-reference-dependencies-path /Users/hcho/.treehouse/Immerse-3833fe/1/Immerse/DerivedData/ReceiptScenario035/Build/Intermediates.noindex/ReceiptScenarioHarness.build/Debug-iphonesimulator/ReceiptScenarioTests.build/Objects-normal/arm64/ReceiptScenarioTests.swiftdeps -serialize-diagnostics-path /Users/hcho/.treehouse/Immerse-3833fe/1/Immerse/DerivedData/ReceiptScenario035/Build/Intermediates.noindex/ReceiptScenarioHarness.build/Debug-iphonesimulator/ReceiptScenarioTests.build/Objects-normal/arm64/ReceiptScenarioTests.dia -target arm64-apple-ios26.0-simulator -load-resolved-plugin /Applications/Xcode.app/Contents/Developer/Platforms/iPhoneOS.platform/Developer/usr/lib/swift/host/plugins/libFoundationMacros.dylib\#/Applications/Xcode.app/Contents/Developer/Platforms/iPhoneOS.platform/Developer/usr/bin/swift-plugin-server\#FoundationMacros -load-resolved-plugin /Applications/Xcode.app/Contents/Developer/Platforms/iPhoneOS.platform/Developer/usr/lib/swift/host/plugins/libObservationMacros.dylib\#/Applications/Xcode.app/Contents/Developer/Platforms/iPhoneOS.platform/Developer/usr/bin/swift-plugin-server\#ObservationMacros -load-resolved-plugin /Applications/Xcode.app/Contents/Developer/Platforms/iPhoneOS.platform/Developer/usr/lib/swift/host/plugins/libPreviewsMacros.dylib\#/Applications/Xcode.app/Contents/Developer/Platforms/iPhoneOS.platform/Developer/usr/bin/swift-plugin-server\#PreviewsMacros -load-resolved-plugin /Applications/Xcode.app/Contents/Developer/Platforms/iPhoneOS.platform/Developer/usr/lib/swift/host/plugins/libSwiftMacros.dylib\#/Applications/Xcode.app/Contents/Developer/Platforms/iPhoneOS.platform/Developer/usr/bin/swift-plugin-server\#SwiftMacros -load-resolved-plugin /Applications/Xcode.app/Contents/Developer/Platforms/iPhoneOS.platform/Developer/usr/lib/swift/host/plugins/libSwiftUIMacros.dylib\#/Applications/Xcode.app/Contents/Developer/Platforms/iPhoneOS.platform/Developer/usr/bin/swift-plugin-server\#SwiftUIMacros -disable-implicit-swift-modules -Xcc -fno-implicit-modules -Xcc -fno-implicit-module-maps -explicit-swift-module-map-file /Users/hcho/.treehouse/Immerse-3833fe/1/Immerse/DerivedData/ReceiptScenario035/Build/Intermediates.noindex/ReceiptScenarioHarness.build/Debug-iphonesimulator/ReceiptScenarioTests.build/Objects-normal/arm64/ReceiptScenarioTests-dependencies-2.json -debug-module-path /Users/hcho/.treehouse/Immerse-3833fe/1/Immerse/DerivedData/ReceiptScenario035/Build/Intermediates.noindex/ReceiptScenarioHarness.build/Debug-iphonesimulator/ReceiptScenarioTests.build/Objects-normal/arm64/ReceiptScenarioTests.swiftmodule -Xllvm -aarch64-use-tbi -enable-objc-interop -sdk /Applications/Xcode.app/Contents/Developer/Platforms/iPhoneSimulator.platform/Developer/SDKs/iPhoneSimulator26.5.sdk -I /Users/hcho/.treehouse/Immerse-3833fe/1/Immerse/DerivedData/ReceiptScenario035/Build/Products/Debug-iphonesimulator -Isystem /Applications/Xcode.app/Contents/Developer/Platforms/iPhoneSimulator.platform/Developer/usr/lib -F /Users/hcho/.treehouse/Immerse-3833fe/1/Immerse/DerivedData/ReceiptScenario035/Build/Products/Debug-iphonesimulator/PackageFrameworks -F /Users/hcho/.treehouse/Immerse-3833fe/1/Immerse/DerivedData/ReceiptScenario035/Build/Products/Debug-iphonesimulator/PackageFrameworks -F /Users/hcho/.treehouse/Immerse-3833fe/1/Immerse/DerivedData/ReceiptScenario035/Build/Products/Debug-iphonesimulator/PackageFrameworks -F /Users/hcho/.treehouse/Immerse-3833fe/1/Immerse/DerivedData/ReceiptScenario035/Build/Products/Debug-iphonesimulator/PackageFrameworks -F /Users/hcho/.treehouse/Immerse-3833fe/1/Immerse/DerivedData/ReceiptScenario035/Build/Products/Debug-iphonesimulator/PackageFrameworks -F /Users/hcho/.treehouse/Immerse-3833fe/1/Immerse/DerivedData/ReceiptScenario035/Build/Products/Debug-iphonesimulator/PackageFrameworks -F /Users/hcho/.treehouse/Immerse-3833fe/1/Immerse/DerivedData/ReceiptScenario035/Build/Products/Debug-iphonesimulator/PackageFrameworks -F /Users/hcho/.treehouse/Immerse-3833fe/1/Immerse/DerivedData/ReceiptScenario035/Build/Products/Debug-iphonesimulator/PackageFrameworks -F /Users/hcho/.treehouse/Immerse-3833fe/1/Immerse/DerivedData/ReceiptScenario035/Build/Products/Debug-iphonesimulator/PackageFrameworks -F /Users/hcho/.treehouse/Immerse-3833fe/1/Immerse/DerivedData/ReceiptScenario035/Build/Products/Debug-iphonesimulator -F /Applications/Xcode.app/Contents/Developer/Platforms/iPhoneSimulator.platform/Developer/Library/Frameworks -F /Applications/Xcode.app/Contents/Developer/Platforms/iPhoneSimulator.platform/Developer/SDKs/iPhoneSimulator26.5.sdk/Developer/Library/Frameworks -no-color-diagnostics -Xcc -fno-color-diagnostics -enable-testing -g -debug-info-format\=dwarf -dwarf-version\=5 -module-cache-path /Users/hcho/.treehouse/Immerse-3833fe/1/Immerse/DerivedData/ReceiptScenario035/Build/Intermediates.noindex/SwiftExplicitPrecompiledModules -swift-version 6 -Onone -D DEBUG -serialize-debugging-options -const-gather-protocols-file /Users/hcho/.treehouse/Immerse-3833fe/1/Immerse/DerivedData/ReceiptScenario035/Build/Intermediates.noindex/ReceiptScenarioHarness.build/Debug-iphonesimulator/ReceiptScenarioTests.build/Objects-normal/arm64/ReceiptScenarioTests_const_extract_protocols.json -enable-experimental-feature DebugDescriptionMacro -empty-abi-descriptor -validate-clang-modules-once -clang-build-session-file /Users/hcho/.treehouse/Immerse-3833fe/1/Immerse/DerivedData/ReceiptScenario035/ModuleCache.noindex/Session.modulevalidation -Xcc -working-directory -Xcc /Users/hcho/.treehouse/Immerse-3833fe/1/Immerse/Probes/ReceiptScenarioHarness -enable-anonymous-context-mangled-names -file-compilation-dir /Users/hcho/.treehouse/Immerse-3833fe/1/Immerse/Probes/ReceiptScenarioHarness -Xcc -D_LIBCPP_HARDENING_MODE\=_LIBCPP_HARDENING_MODE_DEBUG -Xcc -ivfsstatcache -Xcc /Users/hcho/.treehouse/Immerse-3833fe/1/Immerse/DerivedData/ReceiptScenario035/SDKStatCaches.noindex/iphonesimulator26.5-23F73-6cfe768891a92b912361537c460fe42b.sdkstatcache -Xcc -I/Users/hcho/.treehouse/Immerse-3833fe/1/Immerse/DerivedData/ReceiptScenario035/Build/Intermediates.noindex/ReceiptScenarioHarness.build/Debug-iphonesimulator/ReceiptScenarioTests.build/swift-overrides.hmap -Xcc -iquote -Xcc /Users/hcho/.treehouse/Immerse-3833fe/1/Immerse/DerivedData/ReceiptScenario035/Build/Intermediates.noindex/ReceiptScenarioHarness.build/Debug-iphonesimulator/ReceiptScenarioTests.build/ReceiptScenarioTests-generated-files.hmap -Xcc -I/Users/hcho/.treehouse/Immerse-3833fe/1/Immerse/DerivedData/ReceiptScenario035/Build/Intermediates.noindex/ReceiptScenarioHarness.build/Debug-iphonesimulator/ReceiptScenarioTests.build/ReceiptScenarioTests-own-target-headers.hmap -Xcc -I/Users/hcho/.treehouse/Immerse-3833fe/1/Immerse/DerivedData/ReceiptScenario035/Build/Intermediates.noindex/ReceiptScenarioHarness.build/Debug-iphonesimulator/ReceiptScenarioTests.build/ReceiptScenarioTests-all-non-framework-target-headers.hmap -Xcc -ivfsoverlay -Xcc /Users/hcho/.treehouse/Immerse-3833fe/1/Immerse/DerivedData/ReceiptScenario035/Build/Intermediates.noindex/ReceiptScenarioHarness.build/Debug-iphonesimulator/ReceiptScenarioHarness-2e4b80653b6384a5d2fa2410a34e6a63-VFS-iphonesimulator/all-product-headers.yaml -Xcc -iquote -Xcc /Users/hcho/.treehouse/Immerse-3833fe/1/Immerse/DerivedData/ReceiptScenario035/Build/Intermediates.noindex/ReceiptScenarioHarness.build/Debug-iphonesimulator/ReceiptScenarioTests.build/ReceiptScenarioTests-project-headers.hmap -Xcc -I/Users/hcho/.treehouse/Immerse-3833fe/1/Immerse/DerivedData/ReceiptScenario035/Build/Products/Debug-iphonesimulator/include -Xcc -I/Users/hcho/.treehouse/Immerse-3833fe/1/Immerse/DerivedData/ReceiptScenario035/Build/Intermediates.noindex/ReceiptScenarioHarness.build/Debug-iphonesimulator/ReceiptScenarioTests.build/DerivedSources-normal/arm64 -Xcc -I/Users/hcho/.treehouse/Immerse-3833fe/1/Immerse/DerivedData/ReceiptScenario035/Build/Intermediates.noindex/ReceiptScenarioHarness.build/Debug-iphonesimulator/ReceiptScenarioTests.build/DerivedSources/arm64 -Xcc -I/Users/hcho/.treehouse/Immerse-3833fe/1/Immerse/DerivedData/ReceiptScenario035/Build/Intermediates.noindex/ReceiptScenarioHarness.build/Debug-iphonesimulator/ReceiptScenarioTests.build/DerivedSources -Xcc -DDEBUG\=1 -no-auto-bridging-header-chaining -module-name ReceiptScenarioTests -frontend-parseable-output -disable-clang-spi -clang-target arm64-apple-ios26.5-simulator -target-sdk-version 26.5 -target-sdk-name iphonesimulator26.5 -in-process-plugin-server-path /Applications/Xcode.app/Contents/Developer/Toolchains/XcodeDefault.xctoolchain/usr/lib/swift/host/libSwiftInProcPluginServer.dylib -parse-as-library -o /Users/hcho/.treehouse/Immerse-3833fe/1/Immerse/DerivedData/ReceiptScenario035/Build/Intermediates.noindex/ReceiptScenarioHarness.build/Debug-iphonesimulator/ReceiptScenarioTests.build/Objects-normal/arm64/ReceiptScenarioTests.o -index-unit-output-path /ReceiptScenarioHarness.build/Debug-iphonesimulator/ReceiptScenarioTests.build/Objects-normal/arm64/ReceiptScenarioTests.o -index-store-path /Users/hcho/.treehouse/Immerse-3833fe/1/Immerse/DerivedData/ReceiptScenario035/Index.noindex/DataStore -index-system-modules
/Users/hcho/.treehouse/Immerse-3833fe/1/Immerse/Probes/ReceiptScenarioHarness/Tests/ReceiptScenarioTests.swift:14:22: error: actor-isolated property 'evidence' cannot be accessed from outside of the actor
            scenario.evidence.record("native-capability-unavailable", ["status": String(error.status)])
            ~~~~~~~~~^~~~~~~~~~~~~~~~~~~~~~~~~~~~~~~~~~~~~~~~~~~~~~~~~~~~~~~~~~~~~~~~~~~~~~~~~~~~~~~~~~
            await
/Users/hcho/.treehouse/Immerse-3833fe/1/Immerse/Probes/ReceiptScenarioHarness/Tests/ReceiptScenarioTests.swift:50:76: error: actor-isolated property 'configuration' cannot be accessed from outside of the actor
                let reopened = try ReceiptScenario(configuration: scenario.configuration)
                               ~~~~~~~~~~~~~~~~~~~~~~~~~~~~~~~~~~~~~~~~~~~~^~~~~~~~~~~~~~
                                   await
/Users/hcho/.treehouse/Immerse-3833fe/1/Immerse/Probes/ReceiptScenarioHarness/Tests/ReceiptScenarioTests.swift:73:76: error: actor-isolated property 'configuration' cannot be accessed from outside of the actor
                let reopened = try ReceiptScenario(configuration: scenario.configuration)
                               ~~~~~~~~~~~~~~~~~~~~~~~~~~~~~~~~~~~~~~~~~~~~^~~~~~~~~~~~~~
                                   await
/Users/hcho/.treehouse/Immerse-3833fe/1/Immerse/Probes/ReceiptScenarioHarness/Tests/ReceiptScenarioTests.swift:99:68: error: actor-isolated property 'configuration' cannot be accessed from outside of the actor
        let reopened = try ReceiptScenario(configuration: scenario.configuration)
                       ~~~~~~~~~~~~~~~~~~~~~~~~~~~~~~~~~~~~~~~~~~~~^~~~~~~~~~~~~~
                           await
/Users/hcho/.treehouse/Immerse-3833fe/1/Immerse/Probes/ReceiptScenarioHarness/Tests/ReceiptScenarioTests.swift:115:49: error: actor-isolated property 'evidence' cannot be accessed from outside of the actor
        while !(try String(contentsOf: scenario.evidence.directory.appendingPathComponent("events.jsonl"), encoding: .utf8)).contains("delete-requested") {
              ~~~~~~~~~~~~~~~~~~~~~~~~~~~~~~~~~~^~~~~~~~~~~~~~~~~~~~~~~~~~~~~~~~~~~~~~~~~~~~~~~~~~~~~~~~~~~~~~~~~~~~~~~~~~~~~~~~~~~~~~~~~~~~~~~~~~~~~~~~~
              await
/Users/hcho/.treehouse/Immerse-3833fe/1/Immerse/Probes/ReceiptScenarioHarness/Tests/ReceiptScenarioTests.swift:167:70: error: actor-isolated property 'configuration' can not be referenced from a nonisolated context
        let calls = try RecordedReceiptCalls(configuration: scenario.configuration, evidence: scenario.evidence)
                                                                     ^
ReceiptScenarioHarness.ReceiptScenario.configuration:2:14: note: property declared here
internal let configuration: ReceiptScenarioHarness.ScenarioConfiguration}
             ^
/Users/hcho/.treehouse/Immerse-3833fe/1/Immerse/Probes/ReceiptScenarioHarness/Tests/ReceiptScenarioTests.swift:167:104: error: actor-isolated property 'evidence' can not be referenced from a nonisolated context
        let calls = try RecordedReceiptCalls(configuration: scenario.configuration, evidence: scenario.evidence)
                                                                                                       ^
ReceiptScenarioHarness.ReceiptScenario.evidence:2:14: note: property declared here
internal let evidence: ReceiptScenarioHarness.ScenarioEvidence}
             ^
** TEST BUILD FAILED **
