Monitoring boot status for Immerse v1 Validation (AA6AD12A-9D0E-4948-ABD2-760AA97B6A60).
[2026-10-01 21:10:42 +0000] Status=1, isTerminal=NO, Elapsed=00:02.
	Waiting on BackBoard

[2026-10-01 21:10:45 +0000] Status=4, isTerminal=NO, Elapsed=00:05.
	Waiting on System App

[2026-10-01 21:10:45 +0000] Status=4, isTerminal=NO, Elapsed=00:05.
	Waiting on System App

[2026-10-01 21:10:46 +0000] Status=4, isTerminal=NO, Elapsed=00:05.
	Waiting on System App

[2026-10-01 21:10:46 +0000] Status=4, isTerminal=NO, Elapsed=00:06.
	Waiting on System App

[2026-10-01 21:10:47 +0000] Status=4, isTerminal=NO, Elapsed=00:07.
	Waiting on System App

[2026-10-01 21:10:48 +0000] Status=4, isTerminal=NO, Elapsed=00:08.
	Waiting on System App

[2026-10-01 21:10:49 +0000] Status=4, isTerminal=NO, Elapsed=00:09.
	Waiting on System App

[2026-10-01 21:10:50 +0000] Status=4, isTerminal=NO, Elapsed=00:10.
	Waiting on System App

[2026-10-01 21:10:51 +0000] Status=4, isTerminal=NO, Elapsed=00:11.
	Waiting on System App

[2026-10-01 21:10:52 +0000] Status=4, isTerminal=NO, Elapsed=00:12.
	Waiting on System App

[2026-10-01 21:10:53 +0000] Status=4, isTerminal=NO, Elapsed=00:13.
	Waiting on System App

[2026-10-01 21:10:54 +0000] Status=4, isTerminal=NO, Elapsed=00:14.
	Waiting on System App

[2026-10-01 21:10:55 +0000] Status=4, isTerminal=NO, Elapsed=00:15.
	Waiting on System App

[2026-10-01 21:10:56 +0000] Status=4, isTerminal=NO, Elapsed=00:16.
	Waiting on System App

[2026-10-01 21:10:57 +0000] Status=4, isTerminal=NO, Elapsed=00:17.
	Waiting on System App

[2026-10-01 21:10:58 +0000] Status=4294967295, isTerminal=YES, Elapsed=00:18.
	Finished
