Exported 8 attachments for: RetainedWorkflowTests/testEarlyWasteCancelAndOriginalExportChoiceSurviveRelaunchWithoutExport():
File: D5FA3536-4338-4071-84AC-095FD0213DDC, suggested name: "Synthesized Event 2026-10-01 at 01.41.19 PM"
File: AB242F1C-D6D5-47EC-9423-D44094494051, suggested name: "Synthesized Event 2026-10-01 at 01.41.17 PM"
File: 4AB77034-C226-4C5A-8B2A-4A14E45E086E, suggested name: "Synthesized Event 2026-10-01 at 01.41.15 PM"
File: 44866EB7-959B-4482-AB8E-41C8B6AE8CA3.mp4, suggested name: "Screen Recording 2026-10-01 at 01.41.06 PM.mp4"
File: F23E44CA-FC5B-4813-B370-579053E33BCB.txt, suggested name: "Complete Issue Description.txt"
File: 60DBAAB6-9BEF-4CCD-9CCB-0C2E5D5C2C65.txt, suggested name: "App UI hierarchy for com.immerse_0_AE77AF62-E72F-4BAA-8C9D-EFBC114AF0C2.PopulatedJournalHarness"
File: CAD609B8-A7C1-48B5-BDDA-640C073D5E97, suggested name: "UI Snapshot 2026-10-01 at 01.41.25 PM"
File: DE88D5C3-8D21-4A80-B991-461C66F5D6D8.txt, suggested name: "Complete Issue Description.txt"

Exported 8 attachments for: RetainedWorkflowTests/testEmptyFilmDisablesEarlyDevelopmentAndDeleteRequiresConfirmation():
File: 7B1FECDF-EE6B-4AE0-B5A9-40A64BEF8D6C, suggested name: "Synthesized Event 2026-10-01 at 01.41.38 PM"
File: 86CACF28-BFDC-4FD9-A2EB-F43F52D14F0D, suggested name: "Synthesized Event 2026-10-01 at 01.41.36 PM"
File: A9279ABE-1581-444C-B76D-7832D65C1CBC, suggested name: "Synthesized Event 2026-10-01 at 01.41.34 PM"
File: CE3C4108-15CE-45C9-998D-024CB8CE7DA5.mp4, suggested name: "Screen Recording 2026-10-01 at 01.41.26 PM.mp4"
File: 315B40EA-B095-4436-96F9-CBDC4B467A3B.txt, suggested name: "Complete Issue Description.txt"
File: 2A59A7EC-24C1-4AFB-B631-F2C8CCBA250F.txt, suggested name: "App UI hierarchy for com.immerse_0_1FABF805-FE3C-48E5-B795-249CE97B4C8D.PopulatedJournalHarness"
File: D5CBCAD3-F12C-4CB4-8328-7206FF3ADFB5, suggested name: "UI Snapshot 2026-10-01 at 01.41.43 PM"
File: 32367CCB-042C-497C-BFCC-A12513002CEB.txt, suggested name: "Complete Issue Description.txt"

Exported 7 attachments for: RetainedWorkflowTests/testInstantRevealsOnePrintWhileNextIsSealedAndPreservesFirstOnResume():
File: 980BE313-338B-4ECD-A9BB-F224A6CC8558.txt, suggested name: "Instant-reopened_0_D9D8FE63-3A1B-49CD-B11B-A7276AC3FFD0.txt"
File: EB86E84D-1381-4FA4-B1FC-F45C50C1B5B0.png, suggested name: "Instant-reopened_0_F19DBC0A-4F00-452E-BA5A-C9471EA1F479.png"
File: 487695B6-9612-4208-96A3-95B197DD4F57.txt, suggested name: "Instant-both-revealed-still-open_0_2D87B6EB-E371-4453-94C6-1CCBAFF7846F.txt"
File: 2CFF38B4-EBA6-4E2B-95FB-C1309A18F578.png, suggested name: "Instant-both-revealed-still-open_0_4EFDC9F1-2173-4493-BD0C-83230245311D.png"
File: 8925E5CA-D6EF-4836-8683-BEA0BD24787B.txt, suggested name: "Instant-first-revealed-second-sealed_0_B73A140F-6B9D-4CC1-9364-D3B3DE36E3FC.txt"
File: D6E8D397-EE6B-4D06-8D08-1D20C75EE44C.png, suggested name: "Instant-first-revealed-second-sealed_0_A800B834-3D04-4861-890D-79D0AD7C2063.png"
File: 8BA2712E-7859-4E1D-A6CD-6BC07FA5D3BE.txt, suggested name: "Complete Issue Description.txt"

Exported 7 attachments for: RetainedWorkflowTests/testSavedDarkroomEditAndExactResetPersistAcrossRelaunch():
File: 4F9B7BFD-3A97-41AF-807E-257E31097297.txt, suggested name: "reset-reopened_0_8507AEB3-BAD0-40FE-B5C5-C9C147323545.txt"
File: 030C377B-4983-49F6-97C2-2A37AF72A810.png, suggested name: "reset-reopened_0_453BE4A8-004D-49F7-BA9F-D1E45E85E04E.png"
File: A9A8CFC2-D1B7-4B78-94BA-5F983AC50964.txt, suggested name: "reset-first-photo_0_9FE06AC6-2291-4E7A-B9EB-0FC53675AC80.txt"
File: 0936E866-9DD9-46D3-9FF5-4C5FB55664AE.png, suggested name: "reset-first-photo_0_36831911-4977-4D48-A426-887CFD72257B.png"
File: 8A48B441-407E-4987-9BA0-F4E274666306.txt, suggested name: "edited-first-photo_0_B6D2F5C8-44CD-40B2-9DC2-245556FB9AC2.txt"
File: 01380222-9ADF-4D06-BCE2-CE2CF0FB356B.png, suggested name: "edited-first-photo_0_851C65E9-90AD-4D26-8FD6-F07A30FD9327.png"
File: BF6546D2-8DBA-4DBE-BCDA-80BB6627F5B4.txt, suggested name: "Complete Issue Description.txt"

Generated manifest file with attachment details: /Users/hcho/.treehouse/Immerse-3833fe/1/Immerse/Evidence/PopulatedJournal/037/retained-1/attachments/manifest.json
