Writing result bundle at path:
	/Users/hcho/.treehouse/Immerse-3833fe/1/Immerse/DerivedData/Populated037-retained-1.xcresult

2026-10-01 13:41:06.317 xcodebuild[37931:150745747] [MT] IDELaunchParametersSnapshot: The operation couldn’t be completed. (DebuggerLLDB.DebuggerVersionStore.StoreError error 0.)
2026-10-01 13:41:06.317 xcodebuild[37931:150745747] [MT] IDELaunchParametersSnapshot: no debugger version
2026-10-01 13:41:27.684 xcodebuild[37931:150745747] [MT] IDELaunchParametersSnapshot: The operation couldn’t be completed. (DebuggerLLDB.DebuggerVersionStore.StoreError error 0.)
2026-10-01 13:41:27.684 xcodebuild[37931:150745747] [MT] IDELaunchParametersSnapshot: no debugger version
2026-10-01 13:41:45.410 xcodebuild[37931:150745747] [MT] IDELaunchParametersSnapshot: The operation couldn’t be completed. (DebuggerLLDB.DebuggerVersionStore.StoreError error 0.)
2026-10-01 13:41:45.410 xcodebuild[37931:150745747] [MT] IDELaunchParametersSnapshot: no debugger version
2026-10-01 13:42:00.574 xcodebuild[37931:150745747] [MT] IDELaunchParametersSnapshot: The operation couldn’t be completed. (DebuggerLLDB.DebuggerVersionStore.StoreError error 0.)
2026-10-01 13:42:00.575 xcodebuild[37931:150745747] [MT] IDELaunchParametersSnapshot: no debugger version
2026-10-01 13:42:11.079 xcodebuild[37931:150745747] [MT] IDELaunchParametersSnapshot: The operation couldn’t be completed. (DebuggerLLDB.DebuggerVersionStore.StoreError error 0.)
2026-10-01 13:42:11.079 xcodebuild[37931:150745747] [MT] IDELaunchParametersSnapshot: no debugger version
2026-10-01 13:42:34.801 xcodebuild[37931:150745747] [MT] IDELaunchParametersSnapshot: The operation couldn’t be completed. (DebuggerLLDB.DebuggerVersionStore.StoreError error 0.)
2026-10-01 13:42:34.801 xcodebuild[37931:150745747] [MT] IDELaunchParametersSnapshot: no debugger version
2026-10-01 13:42:59.419 xcodebuild[37931:150745747] [MT] IDELaunchParametersSnapshot: The operation couldn’t be completed. (DebuggerLLDB.DebuggerVersionStore.StoreError error 0.)
2026-10-01 13:42:59.419 xcodebuild[37931:150745747] [MT] IDELaunchParametersSnapshot: no debugger version
2026-10-01 13:44:04.467 xcodebuild[37931:150745747] [MT] IDETestOperationsObserverDebug: 200.896 elapsed -- Testing started completed.
2026-10-01 13:44:04.468 xcodebuild[37931:150745747] [MT] IDETestOperationsObserverDebug: 0.000 sec, +0.000 sec -- start
2026-10-01 13:44:04.470 xcodebuild[37931:150745747] [MT] IDETestOperationsObserverDebug: 200.896 sec, +200.896 sec -- end
Failing tests:
	RetainedWorkflowTests.testEarlyWasteCancelAndOriginalExportChoiceSurviveRelaunchWithoutExport()
	RetainedWorkflowTests.testEmptyFilmDisablesEarlyDevelopmentAndDeleteRequiresConfirmation()

** TEST FAILED **

Testing started
