Evidence/AssetReview/sources/PROVENANCE.md: OK
Evidence/AssetReview/sources/window-still-life-generated.png: OK
Evidence/AssetReview/draft-01/cinema16mm-clip-1.mov: OK
Evidence/AssetReview/draft-01/cinema16mm-clip-2.mov: OK
Evidence/AssetReview/draft-01/cinema16mm-instrumental.mov: OK
Evidence/AssetReview/draft-01/cinema16mm-poster.jpg: OK
Evidence/AssetReview/draft-01/cinema16mm-silent.mov: OK
Evidence/AssetReview/draft-01/disposable1990s.jpg: OK
Evidence/AssetReview/draft-01/instant1970s.jpg: OK
Evidence/AssetReview/draft-01/manifest.json: OK
Evidence/AssetReview/draft-01/mediumFormat6x6.jpg: OK
Evidence/AssetReview/draft-01/source-landscape.mov: OK
Evidence/AssetReview/draft-01/source-portrait.mov: OK
Evidence/AssetReview/draft-01/super8HomeMovie-clip-1.mov: OK
Evidence/AssetReview/draft-01/super8HomeMovie-clip-2.mov: OK
Evidence/AssetReview/draft-01/super8HomeMovie-instrumental.mov: OK
Evidence/AssetReview/draft-01/super8HomeMovie-poster.jpg: OK
Evidence/AssetReview/draft-01/super8HomeMovie-silent.mov: OK
Evidence/AssetReview/draft-01/window-light.wav: OK
Evidence/AssetReview/review.html: OK
Probes/AssetReviewGenerator/Package.swift: OK
Probes/AssetReviewGenerator/Sources/AssetReviewGenerator/AssetReviewGenerator.swift: OK
Probes/AssetReviewGenerator/Sources/AssetReviewGenerator/Music.swift: OK
Scripts/validate-local.sh: OK
Packages/RenderCore/Sources/RenderCore/NativePhotoRenderer.swift: OK
Packages/RenderCore/Sources/RenderCore/NativeMovieRenderer.swift: OK
