[0/1] Planning build
Building for debugging...
[0/3] Write sources
[1/3] Write swift-version--58304C5D6DBC2206.txt
[3/5] Emitting module FilmRuntimeTests
[4/5] Compiling FilmRuntimeTests SoundtrackTests.swift
[4/6] Write Objects.LinkFileList
[5/6] Linking FilmRuntimePackageTests
Build complete! (15.38s)
Test Suite 'Selected tests' started at 2026-10-01 06:23:30.977.
Test Suite 'FilmRuntimePackageTests.xctest' started at 2026-10-01 06:23:30.980.
Test Suite 'SoundtrackTests' started at 2026-10-01 06:23:30.980.
Test Case '-[FilmRuntimeTests.SoundtrackTests testAudioChangeRetiresOldMovieAndRejectsStaleRenderBeforeResumingSilence]' started.
Test Case '-[FilmRuntimeTests.SoundtrackTests testAudioChangeRetiresOldMovieAndRejectsStaleRenderBeforeResumingSilence]' passed (6.174 seconds).
Test Case '-[FilmRuntimeTests.SoundtrackTests testPolicyAndDecodeFailuresPreserveSelectionAndPlayableMovie]' started.
Test Case '-[FilmRuntimeTests.SoundtrackTests testPolicyAndDecodeFailuresPreserveSelectionAndPlayableMovie]' passed (4.395 seconds).
Test Case '-[FilmRuntimeTests.SoundtrackTests testSoundtrackSurvivesBundleRemovalAndDiscardWithoutRedevelopment]' started.
Test Case '-[FilmRuntimeTests.SoundtrackTests testSoundtrackSurvivesBundleRemovalAndDiscardWithoutRedevelopment]' passed (4.256 seconds).
Test Suite 'SoundtrackTests' passed at 2026-10-01 06:23:45.806.
	 Executed 3 tests, with 0 failures (0 unexpected) in 14.825 (14.826) seconds
Test Suite 'FilmRuntimePackageTests.xctest' passed at 2026-10-01 06:23:45.807.
	 Executed 3 tests, with 0 failures (0 unexpected) in 14.825 (14.827) seconds
Test Suite 'Selected tests' passed at 2026-10-01 06:23:45.807.
	 Executed 3 tests, with 0 failures (0 unexpected) in 14.825 (14.830) seconds
SOUNDTRACK_FIXTURE {"audioSHA256":"e8a7ca7d3fe4c0a25a8f83cdfadc93530cba057f14829426252df1f9c809ee7a","developmentRun":"{\"assignments\":{\"1\":{\"seed\":7625091345210552372,\"sequenceNumber\":1},\"2\":{\"seed\":16400737365490653760,\"sequenceNumber\":2}},\"completedSequences\":[1,2],\"filmID\":\"9B12698C-0187-42D3-9747-FB6F6DD28B01\",\"isComplete\":true,\"printProcess\":\"color\",\"treatmentVersion\":\"film-look-1-provisional\"}","filmID":"9B12698C-0187-42D3-9747-FB6F6DD28B01","generatorManifest":"{\"movie\":{\"codecFourCC\":\"avc1\",\"durationSeconds\":0.16833333333333333,\"encodedHeight\":96,\"encodedWidth\":160,\"nominalFrameRate\":17.821783,\"orientation\":\"landscape\",\"preferredTransform\":{\"a\":1,\"b\":0,\"c\":0,\"d\":1,\"tx\":0,\"ty\":0},\"relativePath\":\"synthetic-developed-movie.mov\"},\"note\":\"Synthetic native API fixture for render discovery only; not production treatment quality and not a DEC-04 decision.\",\"photo\":{\"hasAlpha\":false,\"pixelHeight\":480,\"pixelWidth\":640,\"relativePath\":\"synthetic-developed-photo.jpg\",\"uniformTypeIdentifier\":\"public.jpeg\"},\"settings\":{\"movieDurationSeconds\":0.16,\"movieFrameRate\":18,\"movieHeight\":96,\"movieOrientation\":\"landscape\",\"movieWidth\":160,\"photoHeight\":480,\"photoWidth\":640}}","licenseSHA256":"4e784377cd2244719159e62682882d93dae6c391fc28c06bef72d4413cb76e7c","sourceSHA256":"e4c297cf18e777b580745cb822b5c6d63eb0208bc2d8a0e2020a3759cca11666"}
SOUNDTRACK_FIXTURE {"audioSHA256":"e8a7ca7d3fe4c0a25a8f83cdfadc93530cba057f14829426252df1f9c809ee7a","developmentRun":"{\"assignments\":{\"1\":{\"seed\":7951480692129294269,\"sequenceNumber\":1},\"2\":{\"seed\":14842044148048952009,\"sequenceNumber\":2}},\"completedSequences\":[1,2],\"filmID\":\"19F9C6F4-2DDC-4D29-8BB1-8D86264DECD5\",\"isComplete\":true,\"printProcess\":\"color\",\"treatmentVersion\":\"film-look-1-provisional\"}","filmID":"19F9C6F4-2DDC-4D29-8BB1-8D86264DECD5","generatorManifest":"{\"movie\":{\"codecFourCC\":\"avc1\",\"durationSeconds\":0.16833333333333333,\"encodedHeight\":96,\"encodedWidth\":160,\"nominalFrameRate\":17.821783,\"orientation\":\"landscape\",\"preferredTransform\":{\"a\":1,\"b\":0,\"c\":0,\"d\":1,\"tx\":0,\"ty\":0},\"relativePath\":\"synthetic-developed-movie.mov\"},\"note\":\"Synthetic native API fixture for render discovery only; not production treatment quality and not a DEC-04 decision.\",\"photo\":{\"hasAlpha\":false,\"pixelHeight\":480,\"pixelWidth\":640,\"relativePath\":\"synthetic-developed-photo.jpg\",\"uniformTypeIdentifier\":\"public.jpeg\"},\"settings\":{\"movieDurationSeconds\":0.16,\"movieFrameRate\":18,\"movieHeight\":96,\"movieOrientation\":\"landscape\",\"movieWidth\":160,\"photoHeight\":480,\"photoWidth\":640}}","licenseSHA256":"4e784377cd2244719159e62682882d93dae6c391fc28c06bef72d4413cb76e7c","sourceSHA256":"31dfda6452fb248c059dbf8cdf920e0f752534f4cef241da5e88dcda6820bb1a"}
SOUNDTRACK_FIXTURE {"audioSHA256":"e8a7ca7d3fe4c0a25a8f83cdfadc93530cba057f14829426252df1f9c809ee7a","developmentRun":"{\"assignments\":{\"1\":{\"seed\":12372827931333517176,\"sequenceNumber\":1},\"2\":{\"seed\":13932758196923063859,\"sequenceNumber\":2}},\"completedSequences\":[1,2],\"filmID\":\"97E37136-A5D3-4E35-B9F4-4EAED3A6C36C\",\"isComplete\":true,\"printProcess\":\"color\",\"treatmentVersion\":\"film-look-1-provisional\"}","filmID":"97E37136-A5D3-4E35-B9F4-4EAED3A6C36C","generatorManifest":"{\"movie\":{\"codecFourCC\":\"avc1\",\"durationSeconds\":0.16833333333333333,\"encodedHeight\":96,\"encodedWidth\":160,\"nominalFrameRate\":17.821783,\"orientation\":\"landscape\",\"preferredTransform\":{\"a\":1,\"b\":0,\"c\":0,\"d\":1,\"tx\":0,\"ty\":0},\"relativePath\":\"synthetic-developed-movie.mov\"},\"note\":\"Synthetic native API fixture for render discovery only; not production treatment quality and not a DEC-04 decision.\",\"photo\":{\"hasAlpha\":false,\"pixelHeight\":480,\"pixelWidth\":640,\"relativePath\":\"synthetic-developed-photo.jpg\",\"uniformTypeIdentifier\":\"public.jpeg\"},\"settings\":{\"movieDurationSeconds\":0.16,\"movieFrameRate\":18,\"movieHeight\":96,\"movieOrientation\":\"landscape\",\"movieWidth\":160,\"photoHeight\":480,\"photoWidth\":640}}","licenseSHA256":"4e784377cd2244719159e62682882d93dae6c391fc28c06bef72d4413cb76e7c","sourceSHA256":"1f36790d78fb18e626a2e63b10a7321049ef79ddb5c3b3a541256a875c328509"}
◇ Test run started.
↳ Testing Library Version: 1902
↳ Target Platform: x86_64-apple-macos14.0
✔ Test run with 0 tests in 0 suites passed after 0.001 seconds.
