Monitoring boot status for Immerse v1 Validation (AA6AD12A-9D0E-4948-ABD2-760AA97B6A60).
[2026-10-01 19:53:16 +0000] Status=1, isTerminal=NO, Elapsed=00:01.
	Waiting on BackBoard

[2026-10-01 19:53:18 +0000] Status=4, isTerminal=NO, Elapsed=00:04.
	Waiting on System App

[2026-10-01 19:53:19 +0000] Status=4, isTerminal=NO, Elapsed=00:04.
	Waiting on System App

[2026-10-01 19:53:20 +0000] Status=4, isTerminal=NO, Elapsed=00:05.
	Waiting on System App

[2026-10-01 19:53:21 +0000] Status=4, isTerminal=NO, Elapsed=00:06.
	Waiting on System App

[2026-10-01 19:53:22 +0000] Status=4, isTerminal=NO, Elapsed=00:07.
	Waiting on System App

[2026-10-01 19:53:23 +0000] Status=4, isTerminal=NO, Elapsed=00:08.
	Waiting on System App

[2026-10-01 19:53:23 +0000] Status=4, isTerminal=NO, Elapsed=00:09.
	Waiting on System App

[2026-10-01 19:53:25 +0000] Status=4, isTerminal=NO, Elapsed=00:10.
	Waiting on System App

[2026-10-01 19:53:26 +0000] Status=4, isTerminal=NO, Elapsed=00:11.
	Waiting on System App

[2026-10-01 19:53:27 +0000] Status=4, isTerminal=NO, Elapsed=00:12.
	Waiting on System App

[2026-10-01 19:53:28 +0000] Status=4, isTerminal=NO, Elapsed=00:13.
	Waiting on System App

[2026-10-01 19:53:29 +0000] Status=4, isTerminal=NO, Elapsed=00:14.
	Waiting on System App

[2026-10-01 19:53:30 +0000] Status=4, isTerminal=NO, Elapsed=00:15.
	Waiting on System App

[2026-10-01 19:53:30 +0000] Status=4, isTerminal=NO, Elapsed=00:16.
	Waiting on System App

[2026-10-01 19:53:32 +0000] Status=4294967295, isTerminal=YES, Elapsed=00:17.
	Finished

