Building for debugging...
[0/3] Write sources
[1/3] Write swift-version--58304C5D6DBC2206.txt
[3/5] Compiling FilmRuntimeTests TrialIntegrationTests.swift
[4/5] Emitting module FilmRuntimeTests
[4/6] Write Objects.LinkFileList
[5/6] Linking FilmRuntimePackageTests
Build complete! (5.30s)
Test Suite 'Selected tests' started at 2026-10-01 06:30:28.584.
Test Suite 'FilmRuntimePackageTests.xctest' started at 2026-10-01 06:30:28.587.
Test Suite 'TrialIntegrationTests' started at 2026-10-01 06:30:28.587.
Test Case '-[FilmRuntimeTests.TrialIntegrationTests testCrashWindowRetryConsumesOnlyOnceAndPrecommitFailureDoesNotConsume]' started.
Test Case '-[FilmRuntimeTests.TrialIntegrationTests testCrashWindowRetryConsumesOnlyOnceAndPrecommitFailureDoesNotConsume]' passed (0.071 seconds).
Test Case '-[FilmRuntimeTests.TrialIntegrationTests testDocumentedUninstallGapReopensTrialAfterCommittedFirstCapture]' started.
Test Case '-[FilmRuntimeTests.TrialIntegrationTests testDocumentedUninstallGapReopensTrialAfterCommittedFirstCapture]' passed (3.076 seconds).
Test Case '-[FilmRuntimeTests.TrialIntegrationTests testFailedUnsavedCaptureAndZeroSaveDeletionAllowReplacement]' started.
Test Case '-[FilmRuntimeTests.TrialIntegrationTests testFailedUnsavedCaptureAndZeroSaveDeletionAllowReplacement]' passed (0.043 seconds).
Test Case '-[FilmRuntimeTests.TrialIntegrationTests testFirstSaveOutboxSurvivesKeychainFailureAndFilmDeletionWithoutGrantingAnotherTrial]' started.
Test Case '-[FilmRuntimeTests.TrialIntegrationTests testFirstSaveOutboxSurvivesKeychainFailureAndFilmDeletionWithoutGrantingAnotherTrial]' passed (0.059 seconds).
Test Case '-[FilmRuntimeTests.TrialIntegrationTests testRestoredEmptyAndCapturedTrialFilmsCoexistWithDestinationEntitlement]' started.
Test Case '-[FilmRuntimeTests.TrialIntegrationTests testRestoredEmptyAndCapturedTrialFilmsCoexistWithDestinationEntitlement]' passed (0.048 seconds).
Test Case '-[FilmRuntimeTests.TrialIntegrationTests testRestoredPendingPhotoAndMovieReplayOnceWithoutConsumingDestinationTrial]' started.
Test Case '-[FilmRuntimeTests.TrialIntegrationTests testRestoredPendingPhotoAndMovieReplayOnceWithoutConsumingDestinationTrial]' passed (1.543 seconds).
Test Case '-[FilmRuntimeTests.TrialIntegrationTests testUninstallAfterPrecommitFailureCorrectlyKeepsTrialUnused]' started.
Test Case '-[FilmRuntimeTests.TrialIntegrationTests testUninstallAfterPrecommitFailureCorrectlyKeepsTrialUnused]' passed (0.043 seconds).
Test Suite 'TrialIntegrationTests' passed at 2026-10-01 06:30:33.473.
	 Executed 7 tests, with 0 failures (0 unexpected) in 4.883 (4.886) seconds
Test Suite 'FilmRuntimePackageTests.xctest' passed at 2026-10-01 06:30:33.473.
	 Executed 7 tests, with 0 failures (0 unexpected) in 4.883 (4.886) seconds
Test Suite 'Selected tests' passed at 2026-10-01 06:30:33.473.
	 Executed 7 tests, with 0 failures (0 unexpected) in 4.883 (4.889) seconds
◇ Test run started.
↳ Testing Library Version: 1902
↳ Target Platform: x86_64-apple-macos14.0
✔ Test run with 0 tests in 0 suites passed after 0.001 seconds.
