Building for debugging...
[0/2] Write swift-version--58304C5D6DBC2206.txt
Build complete! (0.22s)
Test Suite 'Selected tests' started at 2026-10-01 13:24:21.675.
Test Suite 'FilmRuntimePackageTests.xctest' started at 2026-10-01 13:24:21.676.
Test Suite 'CaptureRecoveryIntegrationTests' started at 2026-10-01 13:24:21.676.
Test Case '-[FilmRuntimeTests.CaptureRecoveryIntegrationTests testNativeJournalReopenPreservesDateAndLostAcknowledgementDoesNotDebitTwice]' started.
Test Case '-[FilmRuntimeTests.CaptureRecoveryIntegrationTests testNativeJournalReopenPreservesDateAndLostAcknowledgementDoesNotDebitTwice]' passed (1.611 seconds).
Test Suite 'CaptureRecoveryIntegrationTests' passed at 2026-10-01 13:24:23.288.
	 Executed 1 test, with 0 failures (0 unexpected) in 1.611 (1.611) seconds
Test Suite 'ProductionTrialReceiptTests' started at 2026-10-01 13:24:23.288.
Test Case '-[FilmRuntimeTests.ProductionTrialReceiptTests testEligibilityRefreshNeverRecoversAnActiveNativeWriter]' started.
Test Case '-[FilmRuntimeTests.ProductionTrialReceiptTests testEligibilityRefreshNeverRecoversAnActiveNativeWriter]' passed (0.017 seconds).
Test Case '-[FilmRuntimeTests.ProductionTrialReceiptTests testNativeLostRepliesKeepPendingMediaUntilReadbackThenProjectExactlyOnce]' started.
Test Case '-[FilmRuntimeTests.ProductionTrialReceiptTests testNativeLostRepliesKeepPendingMediaUntilReadbackThenProjectExactlyOnce]' passed (0.842 seconds).
Test Case '-[FilmRuntimeTests.ProductionTrialReceiptTests testProjectionFaultsReopenAndDestinationCopiesKeepIndependentEntitlement]' started.
Test Case '-[FilmRuntimeTests.ProductionTrialReceiptTests testProjectionFaultsReopenAndDestinationCopiesKeepIndependentEntitlement]' passed (1.844 seconds).
Test Case '-[FilmRuntimeTests.ProductionTrialReceiptTests testQueuedDeletionQuiescesReceiptProjectionAndStaleCallbacksCannotRecreateFilm]' started.
Test Case '-[FilmRuntimeTests.ProductionTrialReceiptTests testQueuedDeletionQuiescesReceiptProjectionAndStaleCallbacksCannotRecreateFilm]' passed (0.236 seconds).
Test Case '-[FilmRuntimeTests.ProductionTrialReceiptTests testSameDeviceOlderEmptyFilmCanContinueWithoutReplacingConsumption]' started.
Test Case '-[FilmRuntimeTests.ProductionTrialReceiptTests testSameDeviceOlderEmptyFilmCanContinueWithoutReplacingConsumption]' passed (0.151 seconds).
Test Case '-[FilmRuntimeTests.ProductionTrialReceiptTests testUnknownReceiptDeletionDoesNotRefundAndCorruptMediaCannotProject]' started.
Test Case '-[FilmRuntimeTests.ProductionTrialReceiptTests testUnknownReceiptDeletionDoesNotRefundAndCorruptMediaCannotProject]' passed (0.171 seconds).
Test Case '-[FilmRuntimeTests.ProductionTrialReceiptTests testUnresolvedLegacyTrialDoesNotLockIndependentExistingSubscriptionFilm]' started.
Test Case '-[FilmRuntimeTests.ProductionTrialReceiptTests testUnresolvedLegacyTrialDoesNotLockIndependentExistingSubscriptionFilm]' passed (0.164 seconds).
Test Suite 'ProductionTrialReceiptTests' passed at 2026-10-01 13:24:26.714.
	 Executed 7 tests, with 0 failures (0 unexpected) in 3.425 (3.426) seconds
Test Suite 'TrialIntegrationTests' started at 2026-10-01 13:24:26.714.
Test Case '-[FilmRuntimeTests.TrialIntegrationTests testCrashWindowRetryConsumesOnlyOnceAndPrecommitFailureDoesNotConsume]' started.
Test Case '-[FilmRuntimeTests.TrialIntegrationTests testCrashWindowRetryConsumesOnlyOnceAndPrecommitFailureDoesNotConsume]' passed (0.232 seconds).
Test Case '-[FilmRuntimeTests.TrialIntegrationTests testFailedUnsavedCaptureAndZeroSaveDeletionAllowReplacement]' started.
Test Case '-[FilmRuntimeTests.TrialIntegrationTests testFailedUnsavedCaptureAndZeroSaveDeletionAllowReplacement]' passed (0.018 seconds).
Test Case '-[FilmRuntimeTests.TrialIntegrationTests testLegacyCommittedOutboxSurvivesKeychainFailureAndDeletionWithoutRefund]' started.
Test Case '-[FilmRuntimeTests.TrialIntegrationTests testLegacyCommittedOutboxSurvivesKeychainFailureAndDeletionWithoutRefund]' passed (0.210 seconds).
Test Case '-[FilmRuntimeTests.TrialIntegrationTests testReceiptBeforeProjectionSurvivesAppStorageLossWithoutReopeningTrial]' started.
Test Case '-[FilmRuntimeTests.TrialIntegrationTests testReceiptBeforeProjectionSurvivesAppStorageLossWithoutReopeningTrial]' passed (0.284 seconds).
Test Case '-[FilmRuntimeTests.TrialIntegrationTests testRestoredEmptyAndCapturedTrialFilmsCoexistWithDestinationEntitlement]' started.
Test Case '-[FilmRuntimeTests.TrialIntegrationTests testRestoredEmptyAndCapturedTrialFilmsCoexistWithDestinationEntitlement]' passed (0.261 seconds).
Test Case '-[FilmRuntimeTests.TrialIntegrationTests testRestoredPendingPhotoAndMovieReplayOnceWithoutConsumingDestinationTrial]' started.
Test Case '-[FilmRuntimeTests.TrialIntegrationTests testRestoredPendingPhotoAndMovieReplayOnceWithoutConsumingDestinationTrial]' passed (0.944 seconds).
Test Case '-[FilmRuntimeTests.TrialIntegrationTests testUninstallAfterPrecommitFailureCorrectlyKeepsTrialUnused]' started.
Test Case '-[FilmRuntimeTests.TrialIntegrationTests testUninstallAfterPrecommitFailureCorrectlyKeepsTrialUnused]' passed (0.023 seconds).
Test Case '-[FilmRuntimeTests.TrialIntegrationTests testUnresolvedReceiptDoesNotCommitCapacityBeforeAppStorageLoss]' started.
Test Case '-[FilmRuntimeTests.TrialIntegrationTests testUnresolvedReceiptDoesNotCommitCapacityBeforeAppStorageLoss]' passed (0.239 seconds).
Test Suite 'TrialIntegrationTests' passed at 2026-10-01 13:24:28.928.
	 Executed 8 tests, with 0 failures (0 unexpected) in 2.213 (2.215) seconds
Test Suite 'FilmRuntimePackageTests.xctest' passed at 2026-10-01 13:24:28.928.
	 Executed 16 tests, with 0 failures (0 unexpected) in 7.249 (7.252) seconds
Test Suite 'Selected tests' passed at 2026-10-01 13:24:28.928.
	 Executed 16 tests, with 0 failures (0 unexpected) in 7.249 (7.253) seconds
PRODUCTION_NATIVE_REPLY applied=false updates=2 count=1 pending=false
PRODUCTION_NATIVE_REPLY applied=true updates=1 count=1 pending=false
PRODUCTION_PROJECTION camera=disposable1990s fault=beforeDurableMove reopened=1 destinations=unused,used destinationWrites=0
PRODUCTION_PROJECTION camera=disposable1990s fault=afterDurableMoveBeforeDebit reopened=1 destinations=unused,used destinationWrites=0
PRODUCTION_PROJECTION camera=disposable1990s fault=afterDatabaseCommitBeforeAcknowledgement reopened=1 destinations=unused,used destinationWrites=0
PRODUCTION_PROJECTION camera=super8HomeMovie fault=beforeDurableMove reopened=1 destinations=unused,used destinationWrites=0
PRODUCTION_PROJECTION camera=super8HomeMovie fault=afterDurableMoveBeforeDebit reopened=1 destinations=unused,used destinationWrites=0
PRODUCTION_PROJECTION camera=super8HomeMovie fault=afterDatabaseCommitBeforeAcknowledgement reopened=1 destinations=unused,used destinationWrites=0
PRODUCTION_PROJECTION camera=cinema16mm fault=beforeDurableMove reopened=1 destinations=unused,used destinationWrites=0
PRODUCTION_PROJECTION camera=cinema16mm fault=afterDurableMoveBeforeDebit reopened=1 destinations=unused,used destinationWrites=0
PRODUCTION_PROJECTION camera=cinema16mm fault=afterDatabaseCommitBeforeAcknowledgement reopened=1 destinations=unused,used destinationWrites=0
RECEIPT_FIFO injected-memory-only counts=0,1,2,0 stale=filmNotFound evidence=/var/folders/9t/k_yy9fqs5vd27rf12jx_rzqh0000gn/T/ReceiptFIFO/3E53845E-30DD-4ECA-B595-D83ECB4031D7
◇ Test run started.
↳ Testing Library Version: 1902
↳ Target Platform: x86_64-apple-macos14.0
✔ Test run with 0 tests in 0 suites passed after 0.001 seconds.
