Writing result bundle at path:
	/Users/hcho/.treehouse/Immerse-3833fe/1/Immerse/DerivedData/ContentSize-049-green.xcresult

2026-10-01 20:36:32.038 xcodebuild[93254:165619575] [MT] IDELaunchParametersSnapshot: The operation couldn’t be completed. (DebuggerLLDB.DebuggerVersionStore.StoreError error 0.)
2026-10-01 20:36:32.038 xcodebuild[93254:165619575] [MT] IDELaunchParametersSnapshot: no debugger version
2026-10-01 20:36:46.847 xcodebuild[93254:165619575] [MT] IDELaunchParametersSnapshot: The operation couldn’t be completed. (DebuggerLLDB.DebuggerVersionStore.StoreError error 0.)
2026-10-01 20:36:46.847 xcodebuild[93254:165619575] [MT] IDELaunchParametersSnapshot: no debugger version
2026-10-01 20:37:00.458 xcodebuild[93254:165619575] [MT] IDELaunchParametersSnapshot: The operation couldn’t be completed. (DebuggerLLDB.DebuggerVersionStore.StoreError error 0.)
2026-10-01 20:37:00.458 xcodebuild[93254:165619575] [MT] IDELaunchParametersSnapshot: no debugger version
2026-10-01 20:37:13.607 xcodebuild[93254:165619575] [MT] IDELaunchParametersSnapshot: The operation couldn’t be completed. (DebuggerLLDB.DebuggerVersionStore.StoreError error 0.)
2026-10-01 20:37:13.607 xcodebuild[93254:165619575] [MT] IDELaunchParametersSnapshot: no debugger version
2026-10-01 20:37:26.568 xcodebuild[93254:165619575] [MT] IDELaunchParametersSnapshot: The operation couldn’t be completed. (DebuggerLLDB.DebuggerVersionStore.StoreError error 0.)
2026-10-01 20:37:26.568 xcodebuild[93254:165619575] [MT] IDELaunchParametersSnapshot: no debugger version
2026-10-01 20:37:40.391 xcodebuild[93254:165619575] [MT] IDELaunchParametersSnapshot: The operation couldn’t be completed. (DebuggerLLDB.DebuggerVersionStore.StoreError error 0.)
2026-10-01 20:37:40.392 xcodebuild[93254:165619575] [MT] IDELaunchParametersSnapshot: no debugger version
2026-10-01 20:37:55.185 xcodebuild[93254:165619575] [MT] IDELaunchParametersSnapshot: The operation couldn’t be completed. (DebuggerLLDB.DebuggerVersionStore.StoreError error 0.)
2026-10-01 20:37:55.185 xcodebuild[93254:165619575] [MT] IDELaunchParametersSnapshot: no debugger version
2026-10-01 20:38:07.558 xcodebuild[93254:165619575] [MT] IDELaunchParametersSnapshot: The operation couldn’t be completed. (DebuggerLLDB.DebuggerVersionStore.StoreError error 0.)
2026-10-01 20:38:07.558 xcodebuild[93254:165619575] [MT] IDELaunchParametersSnapshot: no debugger version
2026-10-01 20:38:21.055 xcodebuild[93254:165619575] [MT] IDELaunchParametersSnapshot: The operation couldn’t be completed. (DebuggerLLDB.DebuggerVersionStore.StoreError error 0.)
2026-10-01 20:38:21.056 xcodebuild[93254:165619575] [MT] IDELaunchParametersSnapshot: no debugger version
2026-10-01 20:38:33.774 xcodebuild[93254:165619575] [MT] IDELaunchParametersSnapshot: The operation couldn’t be completed. (DebuggerLLDB.DebuggerVersionStore.StoreError error 0.)
2026-10-01 20:38:33.774 xcodebuild[93254:165619575] [MT] IDELaunchParametersSnapshot: no debugger version
2026-10-01 20:38:46.217 xcodebuild[93254:165619575] [MT] IDELaunchParametersSnapshot: The operation couldn’t be completed. (DebuggerLLDB.DebuggerVersionStore.StoreError error 0.)
2026-10-01 20:38:46.217 xcodebuild[93254:165619575] [MT] IDELaunchParametersSnapshot: no debugger version
2026-10-01 20:39:03.103 xcodebuild[93254:165619575] [MT] IDELaunchParametersSnapshot: The operation couldn’t be completed. (DebuggerLLDB.DebuggerVersionStore.StoreError error 0.)
2026-10-01 20:39:03.103 xcodebuild[93254:165619575] [MT] IDELaunchParametersSnapshot: no debugger version
2026-10-01 20:39:44.035 xcodebuild[93254:165619575] [MT] IDETestOperationsObserverDebug: 198.189 elapsed -- Testing started completed.
2026-10-01 20:39:44.036 xcodebuild[93254:165619575] [MT] IDETestOperationsObserverDebug: 0.000 sec, +0.000 sec -- start
2026-10-01 20:39:44.036 xcodebuild[93254:165619575] [MT] IDETestOperationsObserverDebug: 198.189 sec, +198.189 sec -- end
Testing started
