[0/1] Planning build
Building for debugging...
[0/5] Write sources
[2/5] Write swift-version--58304C5D6DBC2206.txt
[4/7] Emitting module EntitlementCore
[5/7] Compiling EntitlementCore DeviceTrialStore.swift
[6/10] Compiling EntitlementCoreTests EntitlementPolicyTests.swift
[7/10] Emitting module EntitlementCoreTests
[8/10] Compiling EntitlementCoreTests DeviceTrialStoreTests.swift
[8/10] Write Objects.LinkFileList
[9/10] Linking EntitlementCorePackageTests
Build complete! (3.81s)
Test Suite 'All tests' started at 2026-10-01 06:58:22.735.
Test Suite 'EntitlementCorePackageTests.xctest' started at 2026-10-01 06:58:22.736.
Test Suite 'DeviceTrialStoreTests' started at 2026-10-01 06:58:22.736.
Test Case '-[EntitlementCoreTests.DeviceTrialStoreTests testConsumptionAndReceiptRequireSameItemReadAcrossAllStatusOutcomes]' started.
Test Case '-[EntitlementCoreTests.DeviceTrialStoreTests testConsumptionAndReceiptRequireSameItemReadAcrossAllStatusOutcomes]' passed (0.003 seconds).
Test Case '-[EntitlementCoreTests.DeviceTrialStoreTests testLegacyConsumedRecordIsNotUnusedOrOverwritten]' started.
Test Case '-[EntitlementCoreTests.DeviceTrialStoreTests testLegacyConsumedRecordIsNotUnusedOrOverwritten]' passed (0.001 seconds).
Test Case '-[EntitlementCoreTests.DeviceTrialStoreTests testMalformedFutureAndPartialRecordsFailClosedWithoutInitialization]' started.
Test Case '-[EntitlementCoreTests.DeviceTrialStoreTests testMalformedFutureAndPartialRecordsFailClosedWithoutInitialization]' passed (0.001 seconds).
Test Case '-[EntitlementCoreTests.DeviceTrialStoreTests testMissingItemCannotBeCreatedByConsumptionAndLostAddReplyUsesReadback]' started.
Test Case '-[EntitlementCoreTests.DeviceTrialStoreTests testMissingItemCannotBeCreatedByConsumptionAndLostAddReplyUsesReadback]' passed (0.000 seconds).
Test Case '-[EntitlementCoreTests.DeviceTrialStoreTests testUnavailableReadAfterUpdateNeverResetsAndRetryDoesNotWriteAgain]' started.
Test Case '-[EntitlementCoreTests.DeviceTrialStoreTests testUnavailableReadAfterUpdateNeverResetsAndRetryDoesNotWriteAgain]' passed (0.000 seconds).
Test Suite 'DeviceTrialStoreTests' passed at 2026-10-01 06:58:22.743.
	 Executed 5 tests, with 0 failures (0 unexpected) in 0.005 (0.006) seconds
Test Suite 'EntitlementPolicyTests' started at 2026-10-01 06:58:22.743.
Test Case '-[EntitlementCoreTests.EntitlementPolicyTests testActiveSubscriptionAllowsNewFilmsAndExpiredSubscriptionStillAllowsExistingFilms]' started.
Test Case '-[EntitlementCoreTests.EntitlementPolicyTests testActiveSubscriptionAllowsNewFilmsAndExpiredSubscriptionStillAllowsExistingFilms]' passed (0.000 seconds).
Test Case '-[EntitlementCoreTests.EntitlementPolicyTests testDeletingCapturedTrialFilmDoesNotRefundEligibility]' started.
Test Case '-[EntitlementCoreTests.EntitlementPolicyTests testDeletingCapturedTrialFilmDoesNotRefundEligibility]' passed (0.000 seconds).
Test Case '-[EntitlementCoreTests.EntitlementPolicyTests testDeletingZeroSaveCurrentDeviceTrialFilmLeavesEligibilityAvailable]' started.
Test Case '-[EntitlementCoreTests.EntitlementPolicyTests testDeletingZeroSaveCurrentDeviceTrialFilmLeavesEligibilityAvailable]' passed (0.000 seconds).
Test Case '-[EntitlementCoreTests.EntitlementPolicyTests testFailedFirstSaveDoesNotConsumeTrialAndSuccessfulFirstSaveDoes]' started.
Test Case '-[EntitlementCoreTests.EntitlementPolicyTests testFailedFirstSaveDoesNotConsumeTrialAndSuccessfulFirstSaveDoes]' passed (0.000 seconds).
Test Case '-[EntitlementCoreTests.EntitlementPolicyTests testNonSubscriberCanStartExactlyOneCurrentDeviceTrialFilmAtATime]' started.
Test Case '-[EntitlementCoreTests.EntitlementPolicyTests testNonSubscriberCanStartExactlyOneCurrentDeviceTrialFilmAtATime]' passed (0.000 seconds).
Test Case '-[EntitlementCoreTests.EntitlementPolicyTests testRestoredTrialFilmsKeepCaptureRightsAndDoNotConsumeDestinationTrial]' started.
Test Case '-[EntitlementCoreTests.EntitlementPolicyTests testRestoredTrialFilmsKeepCaptureRightsAndDoNotConsumeDestinationTrial]' passed (0.000 seconds).
Test Suite 'EntitlementPolicyTests' passed at 2026-10-01 06:58:22.746.
	 Executed 6 tests, with 0 failures (0 unexpected) in 0.002 (0.003) seconds
Test Suite 'EntitlementCorePackageTests.xctest' passed at 2026-10-01 06:58:22.746.
	 Executed 11 tests, with 0 failures (0 unexpected) in 0.007 (0.009) seconds
Test Suite 'All tests' passed at 2026-10-01 06:58:22.746.
	 Executed 11 tests, with 0 failures (0 unexpected) in 0.007 (0.011) seconds
◇ Test run started.
↳ Testing Library Version: 1902
↳ Target Platform: x86_64-apple-macos14.0
✔ Test run with 0 tests in 0 suites passed after 0.001 seconds.
