Building for debugging...
[0/4] Write sources
[2/4] Write swift-version--58304C5D6DBC2206.txt
[4/6] Compiling FilmRuntime TrialCoordinator.swift
[5/6] Emitting module FilmRuntime
[6/9] Emitting module FilmRuntimeTests
[7/9] Compiling FilmRuntimeTests TrialIntegrationTests.swift
[7/9] Write Objects.LinkFileList
[8/9] Linking FilmRuntimePackageTests
Build complete! (6.82s)
Test Suite 'Selected tests' started at 2026-10-01 08:10:28.039.
Test Suite 'FilmRuntimePackageTests.xctest' started at 2026-10-01 08:10:28.041.
Test Suite 'TrialIntegrationTests' started at 2026-10-01 08:10:28.041.
Test Case '-[FilmRuntimeTests.TrialIntegrationTests testCrashWindowRetryConsumesOnlyOnceAndPrecommitFailureDoesNotConsume]' started.
Test Case '-[FilmRuntimeTests.TrialIntegrationTests testCrashWindowRetryConsumesOnlyOnceAndPrecommitFailureDoesNotConsume]' passed (0.784 seconds).
Test Case '-[FilmRuntimeTests.TrialIntegrationTests testFailedUnsavedCaptureAndZeroSaveDeletionAllowReplacement]' started.
Test Case '-[FilmRuntimeTests.TrialIntegrationTests testFailedUnsavedCaptureAndZeroSaveDeletionAllowReplacement]' passed (0.019 seconds).
Test Case '-[FilmRuntimeTests.TrialIntegrationTests testLegacyCommittedOutboxSurvivesKeychainFailureAndDeletionWithoutRefund]' started.
Test Case '-[FilmRuntimeTests.TrialIntegrationTests testLegacyCommittedOutboxSurvivesKeychainFailureAndDeletionWithoutRefund]' passed (0.330 seconds).
Test Case '-[FilmRuntimeTests.TrialIntegrationTests testReceiptBeforeProjectionSurvivesAppStorageLossWithoutReopeningTrial]' started.
Test Case '-[FilmRuntimeTests.TrialIntegrationTests testReceiptBeforeProjectionSurvivesAppStorageLossWithoutReopeningTrial]' passed (0.360 seconds).
Test Case '-[FilmRuntimeTests.TrialIntegrationTests testRestoredEmptyAndCapturedTrialFilmsCoexistWithDestinationEntitlement]' started.
Test Case '-[FilmRuntimeTests.TrialIntegrationTests testRestoredEmptyAndCapturedTrialFilmsCoexistWithDestinationEntitlement]' passed (0.342 seconds).
Test Case '-[FilmRuntimeTests.TrialIntegrationTests testRestoredPendingPhotoAndMovieReplayOnceWithoutConsumingDestinationTrial]' started.
Test Case '-[FilmRuntimeTests.TrialIntegrationTests testRestoredPendingPhotoAndMovieReplayOnceWithoutConsumingDestinationTrial]' passed (1.395 seconds).
Test Case '-[FilmRuntimeTests.TrialIntegrationTests testUninstallAfterPrecommitFailureCorrectlyKeepsTrialUnused]' started.
Test Case '-[FilmRuntimeTests.TrialIntegrationTests testUninstallAfterPrecommitFailureCorrectlyKeepsTrialUnused]' passed (0.025 seconds).
Test Case '-[FilmRuntimeTests.TrialIntegrationTests testUnresolvedReceiptDoesNotCommitCapacityBeforeAppStorageLoss]' started.
Test Case '-[FilmRuntimeTests.TrialIntegrationTests testUnresolvedReceiptDoesNotCommitCapacityBeforeAppStorageLoss]' passed (0.400 seconds).
Test Suite 'TrialIntegrationTests' passed at 2026-10-01 08:10:31.699.
	 Executed 8 tests, with 0 failures (0 unexpected) in 3.656 (3.658) seconds
Test Suite 'FilmRuntimePackageTests.xctest' passed at 2026-10-01 08:10:31.699.
	 Executed 8 tests, with 0 failures (0 unexpected) in 3.656 (3.658) seconds
Test Suite 'Selected tests' passed at 2026-10-01 08:10:31.699.
	 Executed 8 tests, with 0 failures (0 unexpected) in 3.656 (3.660) seconds
◇ Test run started.
↳ Testing Library Version: 1902
↳ Target Platform: x86_64-apple-macos14.0
✔ Test run with 0 tests in 0 suites passed after 0.001 seconds.
