Building for debugging...
[0/3] Write sources
[1/3] Write swift-version--58304C5D6DBC2206.txt
[3/5] Emitting module EntitlementCoreTests
[4/5] Compiling EntitlementCoreTests DeviceTrialStoreTests.swift
[4/6] Write Objects.LinkFileList
[5/6] Linking EntitlementCorePackageTests
Build complete! (4.15s)
Test Suite 'All tests' started at 2026-10-01 08:16:38.935.
Test Suite 'EntitlementCorePackageTests.xctest' started at 2026-10-01 08:16:38.939.
Test Suite 'DeviceTrialStoreTests' started at 2026-10-01 08:16:38.939.
Test Case '-[EntitlementCoreTests.DeviceTrialStoreTests testConsumptionAndReceiptRequireSameItemReadAcrossAllStatusOutcomes]' started.
Test Case '-[EntitlementCoreTests.DeviceTrialStoreTests testConsumptionAndReceiptRequireSameItemReadAcrossAllStatusOutcomes]' passed (0.005 seconds).
Test Case '-[EntitlementCoreTests.DeviceTrialStoreTests testLegacyConsumedRecordIsNotUnusedOrOverwritten]' started.
Test Case '-[EntitlementCoreTests.DeviceTrialStoreTests testLegacyConsumedRecordIsNotUnusedOrOverwritten]' passed (0.001 seconds).
Test Case '-[EntitlementCoreTests.DeviceTrialStoreTests testMalformedFutureAndPartialRecordsFailClosedWithoutInitialization]' started.
Test Case '-[EntitlementCoreTests.DeviceTrialStoreTests testMalformedFutureAndPartialRecordsFailClosedWithoutInitialization]' passed (0.001 seconds).
Test Case '-[EntitlementCoreTests.DeviceTrialStoreTests testMissingItemCannotBeCreatedByConsumptionAndLostAddReplyUsesReadback]' started.
Test Case '-[EntitlementCoreTests.DeviceTrialStoreTests testMissingItemCannotBeCreatedByConsumptionAndLostAddReplyUsesReadback]' passed (0.000 seconds).
Test Case '-[EntitlementCoreTests.DeviceTrialStoreTests testSuccessStatusWithMissingMalformedOrMismatchedReceiptIsNotAcknowledged]' started.
Test Case '-[EntitlementCoreTests.DeviceTrialStoreTests testSuccessStatusWithMissingMalformedOrMismatchedReceiptIsNotAcknowledged]' passed (0.001 seconds).
Test Case '-[EntitlementCoreTests.DeviceTrialStoreTests testUnavailableReadAfterUpdateNeverResetsAndRetryDoesNotWriteAgain]' started.
Test Case '-[EntitlementCoreTests.DeviceTrialStoreTests testUnavailableReadAfterUpdateNeverResetsAndRetryDoesNotWriteAgain]' passed (0.000 seconds).
Test Suite 'DeviceTrialStoreTests' passed at 2026-10-01 08:16:38.948.
	 Executed 6 tests, with 0 failures (0 unexpected) in 0.008 (0.009) seconds
Test Suite 'EntitlementPolicyTests' started at 2026-10-01 08:16:38.948.
Test Case '-[EntitlementCoreTests.EntitlementPolicyTests testActiveSubscriptionAllowsNewFilmsAndExpiredSubscriptionStillAllowsExistingFilms]' started.
Test Case '-[EntitlementCoreTests.EntitlementPolicyTests testActiveSubscriptionAllowsNewFilmsAndExpiredSubscriptionStillAllowsExistingFilms]' passed (0.000 seconds).
Test Case '-[EntitlementCoreTests.EntitlementPolicyTests testDeletingCapturedTrialFilmDoesNotRefundEligibility]' started.
Test Case '-[EntitlementCoreTests.EntitlementPolicyTests testDeletingCapturedTrialFilmDoesNotRefundEligibility]' passed (0.000 seconds).
Test Case '-[EntitlementCoreTests.EntitlementPolicyTests testDeletingZeroSaveCurrentDeviceTrialFilmLeavesEligibilityAvailable]' started.
Test Case '-[EntitlementCoreTests.EntitlementPolicyTests testDeletingZeroSaveCurrentDeviceTrialFilmLeavesEligibilityAvailable]' passed (0.000 seconds).
Test Case '-[EntitlementCoreTests.EntitlementPolicyTests testFailedFirstSaveDoesNotConsumeTrialAndSuccessfulFirstSaveDoes]' started.
Test Case '-[EntitlementCoreTests.EntitlementPolicyTests testFailedFirstSaveDoesNotConsumeTrialAndSuccessfulFirstSaveDoes]' passed (0.000 seconds).
Test Case '-[EntitlementCoreTests.EntitlementPolicyTests testNonSubscriberCanStartExactlyOneCurrentDeviceTrialFilmAtATime]' started.
Test Case '-[EntitlementCoreTests.EntitlementPolicyTests testNonSubscriberCanStartExactlyOneCurrentDeviceTrialFilmAtATime]' passed (0.000 seconds).
Test Case '-[EntitlementCoreTests.EntitlementPolicyTests testRestoredTrialFilmsKeepCaptureRightsAndDoNotConsumeDestinationTrial]' started.
Test Case '-[EntitlementCoreTests.EntitlementPolicyTests testRestoredTrialFilmsKeepCaptureRightsAndDoNotConsumeDestinationTrial]' passed (0.000 seconds).
Test Suite 'EntitlementPolicyTests' passed at 2026-10-01 08:16:38.952.
	 Executed 6 tests, with 0 failures (0 unexpected) in 0.002 (0.004) seconds
Test Suite 'EntitlementCorePackageTests.xctest' passed at 2026-10-01 08:16:38.952.
	 Executed 12 tests, with 0 failures (0 unexpected) in 0.010 (0.013) seconds
Test Suite 'All tests' passed at 2026-10-01 08:16:38.952.
	 Executed 12 tests, with 0 failures (0 unexpected) in 0.010 (0.017) seconds
◇ Test run started.
↳ Testing Library Version: 1902
↳ Target Platform: x86_64-apple-macos14.0
✔ Test run with 0 tests in 0 suites passed after 0.001 seconds.
