Packages/EntitlementCore/Tests/EntitlementCoreTests/DeviceTrialStoreTests.swift: OK
Packages/FilmRuntime/Sources/FilmRuntime/CaptureCommitJournal.swift: OK
Packages/FilmRuntime/Tests/FilmRuntimeTests/ProductionTrialReceiptTests.swift: OK
Probes/TrialCommitStudy/Sources/ProductionReceiptCrashWorker/main.swift: OK
Probes/TrialCommitStudy/Sources/ProductionReceiptHarness/FileKeychainCalls.swift: OK
Probes/TrialCommitStudy/Sources/TrialReceiptStudy/NativeReceiptStatusAdapter.swift: OK
Probes/TrialCommitStudy/Tests/TrialReceiptStudyTests/NativeReceiptStatusTests.swift: OK
Probes/TrialCommitStudy/Tests/TrialReceiptStudyTests/ProductionProcessExitTests.swift: OK
.github/workflows/native.yml: OK
App/Immerse/Immerse.xcodeproj/project.pbxproj: OK
App/Immerse/Immerse.xcodeproj/project.xcworkspace/contents.xcworkspacedata: OK
App/Immerse/Immerse.xcodeproj/xcshareddata/xcschemes/Immerse.xcscheme: OK
App/Immerse/README.md: OK
App/Immerse/Sources/Assets.xcassets/AccentColor.colorset/Contents.json: OK
App/Immerse/Sources/Assets.xcassets/Contents.json: OK
App/Immerse/Sources/CameraCatalogView.swift: OK
App/Immerse/Sources/CameraSamplesView.swift: OK
App/Immerse/Sources/CaptureController.swift: OK
App/Immerse/Sources/CaptureView.swift: OK
App/Immerse/Sources/FilmDetailView.swift: OK
App/Immerse/Sources/FilmPresentation.swift: OK
App/Immerse/Sources/ImmerseApp.swift: OK
App/Immerse/Sources/JournalModel.swift: OK
App/Immerse/Sources/JournalView.swift: OK
App/Immerse/Sources/PhotoView.swift: OK
App/Immerse/Sources/Resources/MediaCatalog.json: OK
App/Immerse/Sources/SettingsView.swift: OK
App/Immerse/Sources/SoundtrackView.swift: OK
App/Immerse/Sources/SubscriptionController.swift: OK
App/Immerse/Sources/SubscriptionView.swift: OK
App/Immerse/Tests/Fixtures/LocalSubscriptions.storekit: OK
App/Immerse/Tests/Fixtures/README.md: OK
App/Immerse/Tests/JournalIntegrationTests.swift: OK
App/Immerse/Tests/StoreKitSubscriptionTests.swift: OK
App/Immerse/UITests/JournalFlowTests.swift: OK
App/Immerse/project.yml: OK
Packages/CapturePipeline/Package.swift: OK
Packages/CapturePipeline/Sources/CapturePipeline/CapturePayloadReader.swift: OK
Packages/CapturePipeline/Sources/CapturePipeline/CapturePersistencePipeline.swift: OK
Packages/CapturePipeline/Sources/CapturePipeline/CapturePipelineReceiver.swift: OK
Packages/CapturePipeline/Tests/CapturePipelineTests/CapturePipelineTests.swift: OK
Packages/EntitlementCore/Package.swift: OK
Packages/EntitlementCore/Sources/EntitlementCore/DeviceTrialStore.swift: OK
Packages/EntitlementCore/Sources/EntitlementCore/EntitlementPolicy.swift: OK
Packages/EntitlementCore/Sources/EntitlementCore/StoreKitSubscriptions.swift: OK
Packages/EntitlementCore/Tests/EntitlementCoreTests/EntitlementPolicyTests.swift: OK
Packages/FilmDomain/Package.swift: OK
Packages/FilmDomain/Sources/FilmDomain/CameraPackage.swift: OK
Packages/FilmDomain/Sources/FilmDomain/Film.swift: OK
Packages/FilmDomain/Sources/FilmDomain/FilmAccess.swift: OK
Packages/FilmDomain/Tests/FilmDomainTests/CaptureDateRangeTests.swift: OK
Packages/FilmDomain/Tests/FilmDomainTests/FilmDomainTests.swift: OK
Packages/FilmDomain/Tests/FilmDomainTests/MovieDurationTests.swift: OK
Packages/FilmPersistence/Package.swift: OK
Packages/FilmPersistence/Sources/FilmPersistence/CaptureCommitReceipt.swift: OK
Packages/FilmPersistence/Sources/FilmPersistence/Checksum.swift: OK
Packages/FilmPersistence/Sources/FilmPersistence/FilmRepository+Development.swift: OK
Packages/FilmPersistence/Sources/FilmPersistence/FilmRepository+Entitlement.swift: OK
Packages/FilmPersistence/Sources/FilmPersistence/FilmRepository.swift: OK
Packages/FilmPersistence/Sources/FilmPersistence/MediaVerification.swift: OK
Packages/FilmPersistence/Sources/FilmPersistence/MovieAudioSelection.swift: OK
Packages/FilmPersistence/Sources/FilmPersistence/SQLiteDatabase.swift: OK
Packages/FilmPersistence/Sources/FilmPersistence/StoredAsset.swift: OK
Packages/FilmPersistence/Tests/FilmPersistenceTests/CaptureReceiptTests.swift: OK
Packages/FilmPersistence/Tests/FilmPersistenceTests/DevelopmentSupport.swift: OK
Packages/FilmPersistence/Tests/FilmPersistenceTests/EarlyCompletionRaceTests.swift: OK
Packages/FilmPersistence/Tests/FilmPersistenceTests/FilmPersistenceTests.swift: OK
Packages/FilmPersistence/Tests/FilmPersistenceTests/PrivacyRecoveryTests.swift: OK
Packages/FilmPersistence/Tests/FilmPersistenceTests/SourceCleanupTests.swift: OK
Packages/FilmRuntime/Package.swift: OK
Packages/FilmRuntime/Sources/FilmRuntime/FilmExportWorker.swift: OK
Packages/FilmRuntime/Sources/FilmRuntime/FilmProcessor.swift: OK
Packages/FilmRuntime/Sources/FilmRuntime/TrialCoordinator.swift: OK
Packages/FilmRuntime/Tests/FilmRuntimeTests/CaptureRecoveryIntegrationTests.swift: OK
Packages/FilmRuntime/Tests/FilmRuntimeTests/FilmExportTests.swift: OK
Packages/FilmRuntime/Tests/FilmRuntimeTests/FilmProcessorTests.swift: OK
Packages/FilmRuntime/Tests/FilmRuntimeTests/SoundtrackTests.swift: OK
Packages/FilmRuntime/Tests/FilmRuntimeTests/TrialIntegrationTests.swift: OK
Packages/MediaCatalog/Package.swift: OK
Packages/MediaCatalog/README.md: OK
Packages/MediaCatalog/Sources/MediaCatalog/BundleMediaCatalog.swift: OK
Packages/MediaCatalog/Tests/MediaCatalogTests/BundleMediaCatalogTests.swift: OK
Packages/NativeAdapters/Package.swift: OK
Packages/NativeAdapters/README.md: OK
Packages/NativeAdapters/Sources/NativeAdapters/AVFoundationAdapters.swift: OK
Packages/NativeAdapters/Sources/NativeAdapters/AVFoundationCaptureBackend.swift: OK
Packages/NativeAdapters/Sources/NativeAdapters/CaptureAuthorization.swift: OK
Packages/NativeAdapters/Sources/NativeAdapters/CaptureCapabilities.swift: OK
Packages/NativeAdapters/Sources/NativeAdapters/CaptureOperationCoordinator.swift: OK
Packages/NativeAdapters/Sources/NativeAdapters/CapturePlanning.swift: OK
Packages/NativeAdapters/Sources/NativeAdapters/CapturedMediaFiles.swift: OK
Packages/NativeAdapters/Sources/NativeAdapters/PendingCaptureRecord.swift: OK
Packages/NativeAdapters/Sources/NativeAdapters/PhotoExport.swift: OK
Packages/NativeAdapters/Sources/NativeAdapters/PhotoKitAdapters.swift: OK
Packages/NativeAdapters/Tests/NativeAdaptersTests/CaptureAdapterTests.swift: OK
Packages/NativeAdapters/Tests/NativeAdaptersTests/CaptureOperationTests.swift: OK
Packages/NativeAdapters/Tests/NativeAdaptersTests/CapturedMediaFileTests.swift: OK
Packages/NativeAdapters/Tests/NativeAdaptersTests/PhotoExportAdapterTests.swift: OK
Packages/RenderCore/Package.swift: OK
Packages/RenderCore/Sources/RenderCore/DarkroomRecipe.swift: OK
Packages/RenderCore/Sources/RenderCore/DevelopmentRun.swift: OK
Packages/RenderCore/Sources/RenderCore/MovieAssemblyPlan.swift: OK
Packages/RenderCore/Sources/RenderCore/NativeMovieRenderer.swift: OK
Packages/RenderCore/Sources/RenderCore/NativePhotoRenderer.swift: OK
Packages/RenderCore/Tests/RenderCoreTests/ChemicalToningTests.swift: OK
Packages/RenderCore/Tests/RenderCoreTests/NativeRenderTests.swift: OK
Packages/RenderCore/Tests/RenderCoreTests/RenderCoreTests.swift: OK
Packages/RenderFixtures/Package.swift: OK
Packages/RenderFixtures/Sources/RenderFixtureTool/main.swift: OK
Packages/RenderFixtures/Sources/RenderFixtures/RenderFixtureGenerator.swift: OK
Packages/RenderFixtures/Sources/RenderFixtures/RenderFixtureModels.swift: OK
Packages/RenderFixtures/Tests/RenderFixturesTests/RenderFixturesTests.swift: OK
Probes/NativeAdaptersCompileProbe/NativeAdaptersCompileProbe.xcodeproj/project.pbxproj: OK
Probes/NativeAdaptersCompileProbe/NativeAdaptersCompileProbe.xcodeproj/project.xcworkspace/contents.xcworkspacedata: OK
Probes/NativeAdaptersCompileProbe/Sources/NativeAdaptersCompileProbeApp.swift: OK
Probes/NativeAdaptersCompileProbe/project.yml: OK
Probes/PopulatedJournalHarness/PopulatedJournalHarness.xcodeproj/project.pbxproj: OK
Probes/PopulatedJournalHarness/PopulatedJournalHarness.xcodeproj/project.xcworkspace/contents.xcworkspacedata: OK
Probes/PopulatedJournalHarness/PopulatedJournalHarness.xcodeproj/xcshareddata/xcschemes/PopulatedJournalHarness.xcscheme: OK
Probes/PopulatedJournalHarness/README.md: OK
Probes/PopulatedJournalHarness/Sources/WorkflowHarnessApp.swift: OK
Probes/PopulatedJournalHarness/Tests/PopulatedWorkflowTests.swift: OK
Probes/PopulatedJournalHarness/project.yml: OK
Probes/SetupAccessibilityProbe/README.md: OK
Probes/SetupAccessibilityProbe/SetupAccessibilityProbe.xcodeproj/project.pbxproj: OK
Probes/SetupAccessibilityProbe/SetupAccessibilityProbe.xcodeproj/project.xcworkspace/contents.xcworkspacedata: OK
Probes/SetupAccessibilityProbe/SetupAccessibilityProbe.xcodeproj/xcshareddata/xcschemes/SetupAccessibilityProbe.xcscheme: OK
Probes/SetupAccessibilityProbe/Sources/SetupAccessibilityProbeApp.swift: OK
Probes/SetupAccessibilityProbe/Tests/SetupAuditTests.swift: OK
Probes/SetupAccessibilityProbe/project.yml: OK
Probes/TrialCommitStudy/Histories.swift: OK
Probes/TrialCommitStudy/Package.swift: OK
Probes/TrialCommitStudy/PendingReplay.swift: OK
Probes/TrialCommitStudy/README.md: OK
Probes/TrialCommitStudy/Sources/ReceiptCrashWorker/main.swift: OK
Probes/TrialCommitStudy/Sources/TrialReceiptStudy/CrashWorker.swift: OK
Probes/TrialCommitStudy/Sources/TrialReceiptStudy/ReceiptCoordinator.swift: OK
Probes/TrialCommitStudy/Tests/TrialReceiptStudyTests/ReceiptStudyTests.swift: OK
Probes/TrialKeychainProbe/PERSONAL_DEVICE_TEST_PLAN.md: OK
Probes/TrialKeychainProbe/README.md: OK
Probes/TrialKeychainProbe/Sources/KeychainProbeRecord.swift: OK
Probes/TrialKeychainProbe/Sources/KeychainProbeStore.swift: OK
Probes/TrialKeychainProbe/Sources/KeychainProbeView.swift: OK
Probes/TrialKeychainProbe/Sources/TrialKeychainProbeApp.swift: OK
Probes/TrialKeychainProbe/TrialKeychainProbe.xcodeproj/project.pbxproj: OK
Probes/TrialKeychainProbe/TrialKeychainProbe.xcodeproj/project.xcworkspace/contents.xcworkspacedata: OK
Probes/TrialKeychainProbe/project.yml: OK
Scripts/validate-local.sh: OK
Scripts/verify-document-package.sh: OK
Scripts/verify-requirement-map.sh: OK
