Running tests repeatedly 3 times.

Writing result bundle at path:
	/Users/hcho/.treehouse/Immerse-3833fe/1/Immerse/DerivedData/Shutter-048-green3-3F8CF83E-0A5D-4F42-BC9A-05D622D7A87E.xcresult

2026-10-01 19:36:02.612 xcodebuild[80888:161956581] [MT] IDELaunchParametersSnapshot: The operation couldn’t be completed. (DebuggerLLDB.DebuggerVersionStore.StoreError error 0.)
2026-10-01 19:36:02.612 xcodebuild[80888:161956581] [MT] IDELaunchParametersSnapshot: no debugger version
2026-10-01 19:36:21.254 xcodebuild[80888:161956581] [MT] IDELaunchParametersSnapshot: The operation couldn’t be completed. (DebuggerLLDB.DebuggerVersionStore.StoreError error 0.)
2026-10-01 19:36:21.254 xcodebuild[80888:161956581] [MT] IDELaunchParametersSnapshot: no debugger version
2026-10-01 19:36:38.788 xcodebuild[80888:161956581] [MT] IDELaunchParametersSnapshot: The operation couldn’t be completed. (DebuggerLLDB.DebuggerVersionStore.StoreError error 0.)
2026-10-01 19:36:38.788 xcodebuild[80888:161956581] [MT] IDELaunchParametersSnapshot: no debugger version
2026-10-01 19:37:33.091 xcodebuild[80888:161956581] [MT] IDETestOperationsObserverDebug: 96.755 elapsed -- Testing started completed.
2026-10-01 19:37:33.091 xcodebuild[80888:161956581] [MT] IDETestOperationsObserverDebug: 0.000 sec, +0.000 sec -- start
2026-10-01 19:37:33.091 xcodebuild[80888:161956581] [MT] IDETestOperationsObserverDebug: 96.755 sec, +96.755 sec -- end
Testing started
3F8CF83E-0A5D-4F42-BC9A-05D622D7A87E exit 0
Running tests repeatedly 3 times.

Writing result bundle at path:
	/Users/hcho/.treehouse/Immerse-3833fe/1/Immerse/DerivedData/Shutter-048-green3-48739B52-A691-4863-8245-C313996DE53B.xcresult

2026-10-01 19:37:56.206 xcodebuild[11197:162016024] [MT] IDELaunchParametersSnapshot: The operation couldn’t be completed. (DebuggerLLDB.DebuggerVersionStore.StoreError error 0.)
2026-10-01 19:37:56.206 xcodebuild[11197:162016024] [MT] IDELaunchParametersSnapshot: no debugger version
2026-10-01 19:38:14.962 xcodebuild[11197:162016024] [MT] IDELaunchParametersSnapshot: The operation couldn’t be completed. (DebuggerLLDB.DebuggerVersionStore.StoreError error 0.)
2026-10-01 19:38:14.962 xcodebuild[11197:162016024] [MT] IDELaunchParametersSnapshot: no debugger version
2026-10-01 19:38:32.303 xcodebuild[11197:162016024] [MT] IDELaunchParametersSnapshot: The operation couldn’t be completed. (DebuggerLLDB.DebuggerVersionStore.StoreError error 0.)
2026-10-01 19:38:32.303 xcodebuild[11197:162016024] [MT] IDELaunchParametersSnapshot: no debugger version
2026-10-01 19:39:26.877 xcodebuild[11197:162016024] [MT] IDETestOperationsObserverDebug: 96.890 elapsed -- Testing started completed.
2026-10-01 19:39:26.878 xcodebuild[11197:162016024] [MT] IDETestOperationsObserverDebug: 0.000 sec, +0.000 sec -- start
2026-10-01 19:39:26.878 xcodebuild[11197:162016024] [MT] IDETestOperationsObserverDebug: 96.890 sec, +96.890 sec -- end
Testing started
48739B52-A691-4863-8245-C313996DE53B exit 0
Running tests repeatedly 3 times.

Writing result bundle at path:
	/Users/hcho/.treehouse/Immerse-3833fe/1/Immerse/DerivedData/Shutter-048-green3-AA6AD12A-9D0E-4948-ABD2-760AA97B6A60.xcresult

2026-10-01 19:39:51.882 xcodebuild[37771:162069322] [MT] IDELaunchParametersSnapshot: The operation couldn’t be completed. (DebuggerLLDB.DebuggerVersionStore.StoreError error 0.)
2026-10-01 19:39:51.882 xcodebuild[37771:162069322] [MT] IDELaunchParametersSnapshot: no debugger version
2026-10-01 19:40:11.158 xcodebuild[37771:162069322] [MT] IDELaunchParametersSnapshot: The operation couldn’t be completed. (DebuggerLLDB.DebuggerVersionStore.StoreError error 0.)
2026-10-01 19:40:11.158 xcodebuild[37771:162069322] [MT] IDELaunchParametersSnapshot: no debugger version
2026-10-01 19:40:30.193 xcodebuild[37771:162069322] [MT] IDELaunchParametersSnapshot: The operation couldn’t be completed. (DebuggerLLDB.DebuggerVersionStore.StoreError error 0.)
2026-10-01 19:40:30.193 xcodebuild[37771:162069322] [MT] IDELaunchParametersSnapshot: no debugger version
2026-10-01 19:41:26.963 xcodebuild[37771:162069322] [MT] IDETestOperationsObserverDebug: 101.806 elapsed -- Testing started completed.
2026-10-01 19:41:26.964 xcodebuild[37771:162069322] [MT] IDETestOperationsObserverDebug: 0.000 sec, +0.000 sec -- start
2026-10-01 19:41:26.964 xcodebuild[37771:162069322] [MT] IDETestOperationsObserverDebug: 101.806 sec, +101.806 sec -- end
Testing started
AA6AD12A-9D0E-4948-ABD2-760AA97B6A60 exit 0
