Monitoring boot status for Immerse v1 Validation (AA6AD12A-9D0E-4948-ABD2-760AA97B6A60).
[2026-10-01 19:35:03 +0000] Status=1, isTerminal=NO, Elapsed=00:02.
	Waiting on BackBoard

[2026-10-01 19:35:05 +0000] Status=4, isTerminal=NO, Elapsed=00:04.
	Waiting on System App

[2026-10-01 19:35:06 +0000] Status=4, isTerminal=NO, Elapsed=00:05.
	Waiting on System App

[2026-10-01 19:35:06 +0000] Status=4, isTerminal=NO, Elapsed=00:05.
	Waiting on System App

[2026-10-01 19:35:07 +0000] Status=4, isTerminal=NO, Elapsed=00:06.
	Waiting on System App

[2026-10-01 19:35:08 +0000] Status=4, isTerminal=NO, Elapsed=00:07.
	Waiting on System App

[2026-10-01 19:35:09 +0000] Status=4, isTerminal=NO, Elapsed=00:08.
	Waiting on System App

[2026-10-01 19:35:10 +0000] Status=4, isTerminal=NO, Elapsed=00:09.
	Waiting on System App

[2026-10-01 19:35:11 +0000] Status=4, isTerminal=NO, Elapsed=00:10.
	Waiting on System App

[2026-10-01 19:35:13 +0000] Status=4, isTerminal=NO, Elapsed=00:12.
	Waiting on System App

[2026-10-01 19:35:13 +0000] Status=4, isTerminal=NO, Elapsed=00:12.
	Waiting on System App

[2026-10-01 19:35:14 +0000] Status=4, isTerminal=NO, Elapsed=00:13.
	Waiting on System App

[2026-10-01 19:35:15 +0000] Status=4, isTerminal=NO, Elapsed=00:14.
	Waiting on System App

[2026-10-01 19:35:16 +0000] Status=4, isTerminal=NO, Elapsed=00:15.
	Waiting on System App

[2026-10-01 19:35:17 +0000] Status=4, isTerminal=NO, Elapsed=00:16.
	Waiting on System App

[2026-10-01 19:35:18 +0000] Status=4, isTerminal=NO, Elapsed=00:17.
	Waiting on System App

[2026-10-01 19:35:19 +0000] Status=4294967295, isTerminal=YES, Elapsed=00:18.
	Finished
