Monitoring boot status for Immerse v1 Validation (AA6AD12A-9D0E-4948-ABD2-760AA97B6A60).
[2026-10-01 21:04:32 +0000] Status=1, isTerminal=NO, Elapsed=00:02.
	Waiting on BackBoard

[2026-10-01 21:04:36 +0000] Status=4, isTerminal=NO, Elapsed=00:06.
	Waiting on System App

[2026-10-01 21:04:36 +0000] Status=4, isTerminal=NO, Elapsed=00:06.
	Waiting on System App

[2026-10-01 21:04:37 +0000] Status=4, isTerminal=NO, Elapsed=00:07.
	Waiting on System App

[2026-10-01 21:04:37 +0000] Status=4, isTerminal=NO, Elapsed=00:07.
	Waiting on System App

[2026-10-01 21:04:38 +0000] Status=4, isTerminal=NO, Elapsed=00:08.
	Waiting on System App

[2026-10-01 21:04:39 +0000] Status=4, isTerminal=NO, Elapsed=00:09.
	Waiting on System App

[2026-10-01 21:04:40 +0000] Status=4, isTerminal=NO, Elapsed=00:10.
	Waiting on System App

[2026-10-01 21:04:41 +0000] Status=4, isTerminal=NO, Elapsed=00:11.
	Waiting on System App

[2026-10-01 21:04:42 +0000] Status=4, isTerminal=NO, Elapsed=00:12.
	Waiting on System App

[2026-10-01 21:04:43 +0000] Status=4, isTerminal=NO, Elapsed=00:13.
	Waiting on System App

[2026-10-01 21:04:44 +0000] Status=4, isTerminal=NO, Elapsed=00:14.
	Waiting on System App

[2026-10-01 21:04:45 +0000] Status=4, isTerminal=NO, Elapsed=00:15.
	Waiting on System App

[2026-10-01 21:04:46 +0000] Status=4, isTerminal=NO, Elapsed=00:16.
	Waiting on System App

[2026-10-01 21:04:47 +0000] Status=4, isTerminal=NO, Elapsed=00:17.
	Waiting on System App

[2026-10-01 21:04:48 +0000] Status=4, isTerminal=NO, Elapsed=00:18.
	Waiting on System App

[2026-10-01 21:04:49 +0000] Status=4, isTerminal=NO, Elapsed=00:19.
	Waiting on System App

[2026-10-01 21:04:50 +0000] Status=4, isTerminal=NO, Elapsed=00:20.
	Waiting on System App

[2026-10-01 21:04:51 +0000] Status=4294967295, isTerminal=YES, Elapsed=00:21.
	Finished
