Writing result bundle at path:
	/Users/hcho/.treehouse/Immerse-3833fe/1/Immerse/DerivedData/Immerse-PairedTraversal.xcresult

<module-includes>:1:9: note: in file included from <module-includes>:1:
1 | #import "Headers/StoreKitTest.h"
  |         `- note: in file included from <module-includes>:1:
2 |

/Applications/Xcode.app/Contents/Developer/Platforms/iPhoneSimulator.platform/Developer/SDKs/iPhoneSimulator.sdk/Developer/Library/Frameworks/StoreKitTest.framework/Headers/StoreKitTest.h:14:9: note: in file included from /Applications/Xcode.app/Contents/Developer/Platforms/iPhoneSimulator.platform/Developer/SDKs/iPhoneSimulator.sdk/Developer/Library/Frameworks/StoreKitTest.framework/Headers/StoreKitTest.h:14:
12 | #import <StoreKitTest/SKTestError.h>
13 | #import <StoreKitTest/SKTestSession.h>
14 | #import <StoreKitTest/SKTestTransaction.h>
   |         `- note: in file included from /Applications/Xcode.app/Contents/Developer/Platforms/iPhoneSimulator.platform/Developer/SDKs/iPhoneSimulator.sdk/Developer/Library/Frameworks/StoreKitTest.framework/Headers/StoreKitTest.h:14:
15 |
16 |

1 warning generated.
/Applications/Xcode.app/Contents/Developer/Platforms/iPhoneSimulator.platform/Developer/SDKs/iPhoneSimulator26.5.sdk/Developer/Library/Frameworks/StoreKitTest.framework/Headers/SKTestTransaction.h:34:32: warning: 'SKPaymentTransactionState' is deprecated: first deprecated in iOS 18.0 - Use PurchaseResult from Product.purchase(confirmIn:options:).
32 | @property(nonatomic, readonly) NSDate *purchaseDate;
33 |
34 | @property(nonatomic, readonly) SKPaymentTransactionState state;
   |                                `- warning: 'SKPaymentTransactionState' is deprecated: first deprecated in iOS 18.0 - Use PurchaseResult from Product.purchase(confirmIn:options:).
35 |
36 | @property(nonatomic, readonly) BOOL pendingPriceIncreaseConsent API_AVAILABLE(ios(15.4), macos(12.3), tvos(15.4), watchos(8.5), visionos(1.0)) NS_SWIFT_NAME(isPendingPriceIncreaseConsent);

/Applications/Xcode.app/Contents/Developer/Platforms/iPhoneSimulator.platform/Developer/SDKs/iPhoneSimulator26.5.sdk/System/Library/Frameworks/StoreKit.framework/Headers/SKPaymentTransaction.h:14:28: note: 'SKPaymentTransactionState' has been explicitly marked deprecated here
12 | @class SKPayment;
13 |
14 | typedef NS_ENUM(NSInteger, SKPaymentTransactionState) {
   |                            `- note: 'SKPaymentTransactionState' has been explicitly marked deprecated here
15 |     SKPaymentTransactionStatePurchasing,    // Transaction is being added to the server queue.
16 |     SKPaymentTransactionStatePurchased,     // Transaction is in queue, user has been charged.  Client should complete the transaction.
2026-10-01 10:36:48.093 xcodebuild[67144:145246011] [MT] IDELaunchParametersSnapshot: The operation couldn’t be completed. (DebuggerLLDB.DebuggerVersionStore.StoreError error 0.)
2026-10-01 10:36:48.093 xcodebuild[67144:145246011] [MT] IDELaunchParametersSnapshot: no debugger version
2026-10-01 10:38:13.788 xcodebuild[67144:145246011] [MT] IDETestOperationsObserverDebug: 112.659 elapsed -- Testing started completed.
2026-10-01 10:38:13.789 xcodebuild[67144:145246011] [MT] IDETestOperationsObserverDebug: 0.000 sec, +0.000 sec -- start
2026-10-01 10:38:13.789 xcodebuild[67144:145246011] [MT] IDETestOperationsObserverDebug: 112.659 sec, +112.659 sec -- end
Failing tests:
	SetupTraversalDiagnosisTests.testPairedSystemLargestTraversal()
	SetupTraversalDiagnosisTests.testPairedSystemLargestTraversal()

** TEST FAILED **

Testing started
