Writing result bundle at path:
	/Users/hcho/.treehouse/Immerse-3833fe/1/Immerse/DerivedData/Populated037-retained-2.xcresult

2026-10-01 13:45:46.738 xcodebuild[50479:150791148] [MT] IDELaunchParametersSnapshot: The operation couldn’t be completed. (DebuggerLLDB.DebuggerVersionStore.StoreError error 0.)
2026-10-01 13:45:46.738 xcodebuild[50479:150791148] [MT] IDELaunchParametersSnapshot: no debugger version
2026-10-01 13:46:30.121 xcodebuild[50479:150791148] [MT] IDELaunchParametersSnapshot: The operation couldn’t be completed. (DebuggerLLDB.DebuggerVersionStore.StoreError error 0.)
2026-10-01 13:46:30.121 xcodebuild[50479:150791148] [MT] IDELaunchParametersSnapshot: no debugger version
2026-10-01 13:46:45.233 xcodebuild[50479:150791148] [MT] IDELaunchParametersSnapshot: The operation couldn’t be completed. (DebuggerLLDB.DebuggerVersionStore.StoreError error 0.)
2026-10-01 13:46:45.233 xcodebuild[50479:150791148] [MT] IDELaunchParametersSnapshot: no debugger version
2026-10-01 13:47:16.723 xcodebuild[50479:150791148] [MT] IDELaunchParametersSnapshot: The operation couldn’t be completed. (DebuggerLLDB.DebuggerVersionStore.StoreError error 0.)
2026-10-01 13:47:16.723 xcodebuild[50479:150791148] [MT] IDELaunchParametersSnapshot: no debugger version
2026-10-01 13:47:32.834 xcodebuild[50479:150791148] [MT] IDELaunchParametersSnapshot: The operation couldn’t be completed. (DebuggerLLDB.DebuggerVersionStore.StoreError error 0.)
2026-10-01 13:47:32.835 xcodebuild[50479:150791148] [MT] IDELaunchParametersSnapshot: no debugger version
2026-10-01 13:47:43.901 xcodebuild[50479:150791148] [MT] IDELaunchParametersSnapshot: The operation couldn’t be completed. (DebuggerLLDB.DebuggerVersionStore.StoreError error 0.)
2026-10-01 13:47:43.901 xcodebuild[50479:150791148] [MT] IDELaunchParametersSnapshot: no debugger version
2026-10-01 13:48:08.668 xcodebuild[50479:150791148] [MT] IDELaunchParametersSnapshot: The operation couldn’t be completed. (DebuggerLLDB.DebuggerVersionStore.StoreError error 0.)
2026-10-01 13:48:08.668 xcodebuild[50479:150791148] [MT] IDELaunchParametersSnapshot: no debugger version
2026-10-01 13:48:35.248 xcodebuild[50479:150791148] [MT] IDELaunchParametersSnapshot: The operation couldn’t be completed. (DebuggerLLDB.DebuggerVersionStore.StoreError error 0.)
2026-10-01 13:48:35.249 xcodebuild[50479:150791148] [MT] IDELaunchParametersSnapshot: no debugger version
2026-10-01 13:49:50.793 xcodebuild[50479:150791148] [MT] IDETestOperationsObserverDebug: 258.556 elapsed -- Testing started completed.
2026-10-01 13:49:50.794 xcodebuild[50479:150791148] [MT] IDETestOperationsObserverDebug: 0.000 sec, +0.000 sec -- start
2026-10-01 13:49:50.794 xcodebuild[50479:150791148] [MT] IDETestOperationsObserverDebug: 258.556 sec, +258.556 sec -- end
Testing started
