Writing result bundle at path:
	/Users/hcho/.treehouse/Immerse-3833fe/1/Immerse/DerivedData/Receipt035-ui-1.xcresult

2026-10-01 12:09:29.002 xcodebuild[16219:149093444] [MT] IDELaunchParametersSnapshot: The operation couldn’t be completed. (DebuggerLLDB.DebuggerVersionStore.StoreError error 0.)
2026-10-01 12:09:29.002 xcodebuild[16219:149093444] [MT] IDELaunchParametersSnapshot: no debugger version
2026-10-01 12:09:44.794 xcodebuild[16219:149093444] [MT] IDELaunchParametersSnapshot: The operation couldn’t be completed. (DebuggerLLDB.DebuggerVersionStore.StoreError error 0.)
2026-10-01 12:09:44.795 xcodebuild[16219:149093444] [MT] IDELaunchParametersSnapshot: no debugger version
2026-10-01 12:09:55.729 xcodebuild[16219:149093444] [MT] IDELaunchParametersSnapshot: The operation couldn’t be completed. (DebuggerLLDB.DebuggerVersionStore.StoreError error 0.)
2026-10-01 12:09:55.729 xcodebuild[16219:149093444] [MT] IDELaunchParametersSnapshot: no debugger version
2026-10-01 12:10:10.369 xcodebuild[16219:149093444] [MT] IDELaunchParametersSnapshot: The operation couldn’t be completed. (DebuggerLLDB.DebuggerVersionStore.StoreError error 0.)
2026-10-01 12:10:10.369 xcodebuild[16219:149093444] [MT] IDELaunchParametersSnapshot: no debugger version
2026-10-01 12:10:21.424 xcodebuild[16219:149093444] [MT] IDELaunchParametersSnapshot: The operation couldn’t be completed. (DebuggerLLDB.DebuggerVersionStore.StoreError error 0.)
2026-10-01 12:10:21.424 xcodebuild[16219:149093444] [MT] IDELaunchParametersSnapshot: no debugger version
2026-10-01 12:10:35.636 xcodebuild[16219:149093444] [MT] IDELaunchParametersSnapshot: The operation couldn’t be completed. (DebuggerLLDB.DebuggerVersionStore.StoreError error 0.)
2026-10-01 12:10:35.636 xcodebuild[16219:149093444] [MT] IDELaunchParametersSnapshot: no debugger version
2026-10-01 12:11:07.523 xcodebuild[16219:149093444] [MT] IDELaunchParametersSnapshot: The operation couldn’t be completed. (DebuggerLLDB.DebuggerVersionStore.StoreError error 0.)
2026-10-01 12:11:07.523 xcodebuild[16219:149093444] [MT] IDELaunchParametersSnapshot: no debugger version
2026-10-01 12:11:22.024 xcodebuild[16219:149093444] [MT] IDELaunchParametersSnapshot: The operation couldn’t be completed. (DebuggerLLDB.DebuggerVersionStore.StoreError error 0.)
2026-10-01 12:11:22.030 xcodebuild[16219:149093444] [MT] IDELaunchParametersSnapshot: no debugger version
2026-10-01 12:11:33.553 xcodebuild[16219:149093444] [MT] IDELaunchParametersSnapshot: The operation couldn’t be completed. (DebuggerLLDB.DebuggerVersionStore.StoreError error 0.)
2026-10-01 12:11:33.553 xcodebuild[16219:149093444] [MT] IDELaunchParametersSnapshot: no debugger version
2026-10-01 12:11:47.942 xcodebuild[16219:149093444] [MT] IDELaunchParametersSnapshot: The operation couldn’t be completed. (DebuggerLLDB.DebuggerVersionStore.StoreError error 0.)
2026-10-01 12:11:47.942 xcodebuild[16219:149093444] [MT] IDELaunchParametersSnapshot: no debugger version
2026-10-01 12:11:58.793 xcodebuild[16219:149093444] [MT] IDELaunchParametersSnapshot: The operation couldn’t be completed. (DebuggerLLDB.DebuggerVersionStore.StoreError error 0.)
2026-10-01 12:11:58.793 xcodebuild[16219:149093444] [MT] IDELaunchParametersSnapshot: no debugger version
2026-10-01 12:12:13.145 xcodebuild[16219:149093444] [MT] IDELaunchParametersSnapshot: The operation couldn’t be completed. (DebuggerLLDB.DebuggerVersionStore.StoreError error 0.)
2026-10-01 12:12:13.145 xcodebuild[16219:149093444] [MT] IDELaunchParametersSnapshot: no debugger version
2026-10-01 12:12:44.803 xcodebuild[16219:149093444] [MT] IDELaunchParametersSnapshot: The operation couldn’t be completed. (DebuggerLLDB.DebuggerVersionStore.StoreError error 0.)
2026-10-01 12:12:44.804 xcodebuild[16219:149093444] [MT] IDELaunchParametersSnapshot: no debugger version
2026-10-01 12:12:58.830 xcodebuild[16219:149093444] [MT] IDELaunchParametersSnapshot: The operation couldn’t be completed. (DebuggerLLDB.DebuggerVersionStore.StoreError error 0.)
2026-10-01 12:12:58.830 xcodebuild[16219:149093444] [MT] IDELaunchParametersSnapshot: no debugger version
2026-10-01 12:13:10.555 xcodebuild[16219:149093444] [MT] IDELaunchParametersSnapshot: The operation couldn’t be completed. (DebuggerLLDB.DebuggerVersionStore.StoreError error 0.)
2026-10-01 12:13:10.555 xcodebuild[16219:149093444] [MT] IDELaunchParametersSnapshot: no debugger version
2026-10-01 12:13:25.071 xcodebuild[16219:149093444] [MT] IDELaunchParametersSnapshot: The operation couldn’t be completed. (DebuggerLLDB.DebuggerVersionStore.StoreError error 0.)
2026-10-01 12:13:25.071 xcodebuild[16219:149093444] [MT] IDELaunchParametersSnapshot: no debugger version
2026-10-01 12:13:36.486 xcodebuild[16219:149093444] [MT] IDELaunchParametersSnapshot: The operation couldn’t be completed. (DebuggerLLDB.DebuggerVersionStore.StoreError error 0.)
2026-10-01 12:13:36.487 xcodebuild[16219:149093444] [MT] IDELaunchParametersSnapshot: no debugger version
2026-10-01 12:13:50.551 xcodebuild[16219:149093444] [MT] IDELaunchParametersSnapshot: The operation couldn’t be completed. (DebuggerLLDB.DebuggerVersionStore.StoreError error 0.)
2026-10-01 12:13:50.552 xcodebuild[16219:149093444] [MT] IDELaunchParametersSnapshot: no debugger version
2026-10-01 12:15:04.853 xcodebuild[16219:149093444] [MT] IDETestOperationsObserverDebug: 353.223 elapsed -- Testing started completed.
2026-10-01 12:15:04.853 xcodebuild[16219:149093444] [MT] IDETestOperationsObserverDebug: 0.000 sec, +0.000 sec -- start
2026-10-01 12:15:04.853 xcodebuild[16219:149093444] [MT] IDETestOperationsObserverDebug: 353.223 sec, +353.223 sec -- end
Testing started
