Monitoring boot status for Immerse v1 Validation (AA6AD12A-9D0E-4948-ABD2-760AA97B6A60).
[2026-10-02 01:50:25 +0000] Status=1, isTerminal=NO, Elapsed=00:01.
	Waiting on BackBoard

[2026-10-02 01:50:27 +0000] Status=4, isTerminal=NO, Elapsed=00:03.
	Waiting on System App

[2026-10-02 01:50:27 +0000] Status=4, isTerminal=NO, Elapsed=00:03.
	Waiting on System App

[2026-10-02 01:50:28 +0000] Status=4, isTerminal=NO, Elapsed=00:04.
	Waiting on System App

[2026-10-02 01:50:29 +0000] Status=4, isTerminal=NO, Elapsed=00:05.
	Waiting on System App

[2026-10-02 01:50:30 +0000] Status=4, isTerminal=NO, Elapsed=00:06.
	Waiting on System App

[2026-10-02 01:50:31 +0000] Status=4, isTerminal=NO, Elapsed=00:07.
	Waiting on System App

[2026-10-02 01:50:32 +0000] Status=4, isTerminal=NO, Elapsed=00:08.
	Waiting on System App

[2026-10-02 01:50:33 +0000] Status=4, isTerminal=NO, Elapsed=00:09.
	Waiting on System App

[2026-10-02 01:50:34 +0000] Status=4, isTerminal=NO, Elapsed=00:10.
	Waiting on System App

[2026-10-02 01:50:35 +0000] Status=4, isTerminal=NO, Elapsed=00:11.
	Waiting on System App

[2026-10-02 01:50:36 +0000] Status=4294967295, isTerminal=YES, Elapsed=00:12.
	Finished

